core_cm7.h:2606:26:ITM_SendChar	16	static,ignoring_inline_asm
main.c:96:5:_write	32	static
main.c:189:5:main	272	static
main.c:354:6:SystemClock_Config	216	static
main.c:417:13:MX_RTC_Init	40	static
main.c:479:13:MX_TIM1_Init	40	static
main.c:526:13:MX_UART7_Init	8	static
main.c:561:13:MX_GPIO_Init	72	static
main.c:688:6:HAL_GPIO_EXTI_Callback	24	static
main.c:710:6:HAL_UART_RxCpltCallback	48	static
main.c:915:6:HAL_UART_TxCpltCallback	16	static
main.c:929:6:Hex_to_dec	48	static
main.c:964:6:calc_crc	16	static
main.c:993:8:rtc_read	88	static
main.c:1022:6:tcpecho_init	16	static
main.c:1036:6:StartDefaultTask	48	static
main.c:1103:6:tcpecho_thread	48	static
main.c:1195:6:HAL_TIM_PeriodElapsedCallback	16	static
main.c:1216:6:Error_Handler	4	static,ignoring_inline_asm
