core_cm7.h:2606:26:ITM_SendChar	16	static,ignoring_inline_asm
main.c:96:5:_write	32	static
main.c:189:5:main	272	static
main.c:351:6:SystemClock_Config	216	static
main.c:414:13:MX_RTC_Init	40	static
main.c:476:13:MX_TIM1_Init	40	static
main.c:523:13:MX_UART7_Init	8	static
main.c:558:13:MX_GPIO_Init	72	static
main.c:685:6:HAL_GPIO_EXTI_Callback	24	static
main.c:705:6:HAL_UART_RxCpltCallback	48	static
main.c:910:6:HAL_UART_TxCpltCallback	16	static
main.c:924:6:Hex_to_dec	48	static
main.c:959:6:calc_crc	16	static
main.c:988:8:rtc_read	88	static
main.c:1017:6:tcpecho_init	16	static
main.c:1031:6:StartDefaultTask	48	static
main.c:1098:6:tcpecho_thread	48	static
main.c:1190:6:HAL_TIM_PeriodElapsedCallback	16	static
main.c:1211:6:Error_Handler	4	static,ignoring_inline_asm
