Archive member included to satisfy reference by file (symbol)

d:/stm32cubeide_1.6.1/stm32cubeide/plugins/com.st.stm32cube.ide.mcu.externaltools.gnu-tools-for-stm32.9-2020-q2-update.win32_1.5.0.202011040924/tools/bin/../lib/gcc/arm-none-eabi/9.3.1/../../../../arm-none-eabi/lib/thumb/v7e-m+fp/hard\libc_nano.a(lib_a-atoi.o)
                              Core/Src/main.o (atoi)
d:/stm32cubeide_1.6.1/stm32cubeide/plugins/com.st.stm32cube.ide.mcu.externaltools.gnu-tools-for-stm32.9-2020-q2-update.win32_1.5.0.202011040924/tools/bin/../lib/gcc/arm-none-eabi/9.3.1/../../../../arm-none-eabi/lib/thumb/v7e-m+fp/hard\libc_nano.a(lib_a-ctype_.o)
                              Middlewares/Third_Party/LwIP/src/core/ipv4/ip4_addr.o (_ctype_)
d:/stm32cubeide_1.6.1/stm32cubeide/plugins/com.st.stm32cube.ide.mcu.externaltools.gnu-tools-for-stm32.9-2020-q2-update.win32_1.5.0.202011040924/tools/bin/../lib/gcc/arm-none-eabi/9.3.1/../../../../arm-none-eabi/lib/thumb/v7e-m+fp/hard\libc_nano.a(lib_a-exit.o)
                              d:/stm32cubeide_1.6.1/stm32cubeide/plugins/com.st.stm32cube.ide.mcu.externaltools.gnu-tools-for-stm32.9-2020-q2-update.win32_1.5.0.202011040924/tools/bin/../lib/gcc/arm-none-eabi/9.3.1/../../../../arm-none-eabi/lib/thumb/v7e-m+fp/hard/crt0.o (exit)
d:/stm32cubeide_1.6.1/stm32cubeide/plugins/com.st.stm32cube.ide.mcu.externaltools.gnu-tools-for-stm32.9-2020-q2-update.win32_1.5.0.202011040924/tools/bin/../lib/gcc/arm-none-eabi/9.3.1/../../../../arm-none-eabi/lib/thumb/v7e-m+fp/hard\libc_nano.a(lib_a-impure.o)
                              d:/stm32cubeide_1.6.1/stm32cubeide/plugins/com.st.stm32cube.ide.mcu.externaltools.gnu-tools-for-stm32.9-2020-q2-update.win32_1.5.0.202011040924/tools/bin/../lib/gcc/arm-none-eabi/9.3.1/../../../../arm-none-eabi/lib/thumb/v7e-m+fp/hard\libc_nano.a(lib_a-exit.o) (_global_impure_ptr)
d:/stm32cubeide_1.6.1/stm32cubeide/plugins/com.st.stm32cube.ide.mcu.externaltools.gnu-tools-for-stm32.9-2020-q2-update.win32_1.5.0.202011040924/tools/bin/../lib/gcc/arm-none-eabi/9.3.1/../../../../arm-none-eabi/lib/thumb/v7e-m+fp/hard\libc_nano.a(lib_a-init.o)
                              d:/stm32cubeide_1.6.1/stm32cubeide/plugins/com.st.stm32cube.ide.mcu.externaltools.gnu-tools-for-stm32.9-2020-q2-update.win32_1.5.0.202011040924/tools/bin/../lib/gcc/arm-none-eabi/9.3.1/../../../../arm-none-eabi/lib/thumb/v7e-m+fp/hard/crt0.o (__libc_init_array)
d:/stm32cubeide_1.6.1/stm32cubeide/plugins/com.st.stm32cube.ide.mcu.externaltools.gnu-tools-for-stm32.9-2020-q2-update.win32_1.5.0.202011040924/tools/bin/../lib/gcc/arm-none-eabi/9.3.1/../../../../arm-none-eabi/lib/thumb/v7e-m+fp/hard\libc_nano.a(lib_a-lcltime_r.o)
                              Core/Src/myapi.o (localtime_r)
d:/stm32cubeide_1.6.1/stm32cubeide/plugins/com.st.stm32cube.ide.mcu.externaltools.gnu-tools-for-stm32.9-2020-q2-update.win32_1.5.0.202011040924/tools/bin/../lib/gcc/arm-none-eabi/9.3.1/../../../../arm-none-eabi/lib/thumb/v7e-m+fp/hard\libc_nano.a(lib_a-memcmp.o)
                              Core/Src/post_api.o (memcmp)
d:/stm32cubeide_1.6.1/stm32cubeide/plugins/com.st.stm32cube.ide.mcu.externaltools.gnu-tools-for-stm32.9-2020-q2-update.win32_1.5.0.202011040924/tools/bin/../lib/gcc/arm-none-eabi/9.3.1/../../../../arm-none-eabi/lib/thumb/v7e-m+fp/hard\libc_nano.a(lib_a-memcpy-stub.o)
                              Core/Src/myapi.o (memcpy)
d:/stm32cubeide_1.6.1/stm32cubeide/plugins/com.st.stm32cube.ide.mcu.externaltools.gnu-tools-for-stm32.9-2020-q2-update.win32_1.5.0.202011040924/tools/bin/../lib/gcc/arm-none-eabi/9.3.1/../../../../arm-none-eabi/lib/thumb/v7e-m+fp/hard\libc_nano.a(lib_a-memmove.o)
                              Middlewares/Third_Party/LwIP/src/core/def.o (memmove)
d:/stm32cubeide_1.6.1/stm32cubeide/plugins/com.st.stm32cube.ide.mcu.externaltools.gnu-tools-for-stm32.9-2020-q2-update.win32_1.5.0.202011040924/tools/bin/../lib/gcc/arm-none-eabi/9.3.1/../../../../arm-none-eabi/lib/thumb/v7e-m+fp/hard\libc_nano.a(lib_a-memset.o)
                              d:/stm32cubeide_1.6.1/stm32cubeide/plugins/com.st.stm32cube.ide.mcu.externaltools.gnu-tools-for-stm32.9-2020-q2-update.win32_1.5.0.202011040924/tools/bin/../lib/gcc/arm-none-eabi/9.3.1/../../../../arm-none-eabi/lib/thumb/v7e-m+fp/hard/crt0.o (memset)
d:/stm32cubeide_1.6.1/stm32cubeide/plugins/com.st.stm32cube.ide.mcu.externaltools.gnu-tools-for-stm32.9-2020-q2-update.win32_1.5.0.202011040924/tools/bin/../lib/gcc/arm-none-eabi/9.3.1/../../../../arm-none-eabi/lib/thumb/v7e-m+fp/hard\libc_nano.a(lib_a-mktime.o)
                              Core/Src/main.o (mktime)
d:/stm32cubeide_1.6.1/stm32cubeide/plugins/com.st.stm32cube.ide.mcu.externaltools.gnu-tools-for-stm32.9-2020-q2-update.win32_1.5.0.202011040924/tools/bin/../lib/gcc/arm-none-eabi/9.3.1/../../../../arm-none-eabi/lib/thumb/v7e-m+fp/hard\libc_nano.a(lib_a-month_lengths.o)
[...]
Memory Configuration

Name             Origin             Length             Attributes
RAM              0x0000000020000000 0x0000000000050000 xrw
FLASH            0x0000000008000000 0x00000000000c0000 xr
*default*        0x0000000000000000 0xffffffffffffffff

Linker script and memory map

LOAD d:/stm32cubeide_1.6.1/stm32cubeide/plugins/com.st.stm32cube.ide.mcu.externaltools.gnu-tools-for-stm32.9-2020-q2-update.win32_1.5.0.202011040924/tools/bin/../lib/gcc/arm-none-eabi/9.3.1/thumb/v7e-m+fp/hard/crti.o
LOAD d:/stm32cubeide_1.6.1/stm32cubeide/plugins/com.st.stm32cube.ide.mcu.externaltools.gnu-tools-for-stm32.9-2020-q2-update.win32_1.5.0.202011040924/tools/bin/../lib/gcc/arm-none-eabi/9.3.1/thumb/v7e-m+fp/hard/crtbegin.o
LOAD d:/stm32cubeide_1.6.1/stm32cubeide/plugins/com.st.stm32cube.ide.mcu.externaltools.gnu-tools-for-stm32.9-2020-q2-update.win32_1.5.0.202011040924/tools/bin/../lib/gcc/arm-none-eabi/9.3.1/../../../../arm-none-eabi/lib/thumb/v7e-m+fp/hard/crt0.o
LOAD Core/Src/MyFlash.o
LOAD Core/Src/freertos.o
LOAD Core/Src/main.o
LOAD Core/Src/myapi.o
LOAD Core/Src/post_api.o
LOAD Core/Src/stm32f7xx_hal_msp.o
LOAD Core/Src/stm32f7xx_hal_timebase_tim.o
LOAD Core/Src/stm32f7xx_it.o
LOAD Core/Src/syscalls.o
LOAD Core/Src/sysmem.o
LOAD Core/Src/system_stm32f7xx.o
LOAD Core/Startup/startup_stm32f746nghx.o
LOAD Drivers/STM32F7xx_HAL_Driver/Src/stm32f7xx_hal.o
LOAD Drivers/STM32F7xx_HAL_Driver/Src/stm32f7xx_hal_cortex.o
LOAD Drivers/STM32F7xx_HAL_Driver/Src/stm32f7xx_hal_dma.o
LOAD Drivers/STM32F7xx_HAL_Driver/Src/stm32f7xx_hal_dma_ex.o
LOAD Drivers/STM32F7xx_HAL_Driver/Src/stm32f7xx_hal_eth.o
LOAD Drivers/STM32F7xx_HAL_Driver/Src/stm32f7xx_hal_exti.o
LOAD Drivers/STM32F7xx_HAL_Driver/Src/stm32f7xx_hal_flash.o
LOAD Drivers/STM32F7xx_HAL_Driver/Src/stm32f7xx_hal_flash_ex.o
LOAD Drivers/STM32F7xx_HAL_Driver/Src/stm32f7xx_hal_gpio.o
LOAD Drivers/STM32F7xx_HAL_Driver/Src/stm32f7xx_hal_i2c.o
LOAD Drivers/STM32F7xx_HAL_Driver/Src/stm32f7xx_hal_i2c_ex.o
LOAD Drivers/STM32F7xx_HAL_Driver/Src/stm32f7xx_hal_pwr.o
LOAD Drivers/STM32F7xx_HAL_Driver/Src/stm32f7xx_hal_pwr_ex.o
LOAD Drivers/STM32F7xx_HAL_Driver/Src/stm32f7xx_hal_rcc.o
LOAD Drivers/STM32F7xx_HAL_Driver/Src/stm32f7xx_hal_rcc_ex.o
LOAD Drivers/STM32F7xx_HAL_Driver/Src/stm32f7xx_hal_rtc.o
LOAD Drivers/STM32F7xx_HAL_Driver/Src/stm32f7xx_hal_rtc_ex.o
LOAD Drivers/STM32F7xx_HAL_Driver/Src/stm32f7xx_hal_tim.o
LOAD Drivers/STM32F7xx_HAL_Driver/Src/stm32f7xx_hal_tim_ex.o
LOAD Drivers/STM32F7xx_HAL_Driver/Src/stm32f7xx_hal_uart.o
LOAD Drivers/STM32F7xx_HAL_Driver/Src/stm32f7xx_hal_uart_ex.o
LOAD LWIP/App/lwip.o
LOAD LWIP/Target/ethernetif.o
LOAD Middlewares/Third_Party/FreeRTOS/Source/CMSIS_RTOS/cmsis_os.o
LOAD Middlewares/Third_Party/FreeRTOS/Source/croutine.o
LOAD Middlewares/Third_Party/FreeRTOS/Source/event_groups.o
LOAD Middlewares/Third_Party/FreeRTOS/Source/list.o
LOAD Middlewares/Third_Party/FreeRTOS/Source/queue.o
LOAD Middlewares/Third_Party/FreeRTOS/Source/stream_buffer.o
LOAD Middlewares/Third_Party/FreeRTOS/Source/tasks.o
LOAD Middlewares/Third_Party/FreeRTOS/Source/timers.o
LOAD Middlewares/Third_Party/FreeRTOS/Source/portable/GCC/ARM_CM7/r0p1/port.o
LOAD Middlewares/Third_Party/FreeRTOS/Source/portable/MemMang/heap_4.o
LOAD Middlewares/Third_Party/LwIP/src/api/api_lib.o
LOAD Middlewares/Third_Party/LwIP/src/api/api_msg.o
LOAD Middlewares/Third_Party/LwIP/src/api/err.o
LOAD Middlewares/Third_Party/LwIP/src/api/if_api.o
LOAD Middlewares/Third_Party/LwIP/src/api/netbuf.o
LOAD Middlewares/Third_Party/LwIP/src/api/netdb.o
LOAD Middlewares/Third_Party/LwIP/src/api/netifapi.o
LOAD Middlewares/Third_Party/LwIP/src/api/sockets.o
LOAD Middlewares/Third_Party/LwIP/src/api/tcpip.o
LOAD Middlewares/Third_Party/LwIP/src/apps/http/fs.o
LOAD Middlewares/Third_Party/LwIP/src/apps/http/httpd.o
LOAD Middlewares/Third_Party/LwIP/src/apps/mqtt/mqtt.o
LOAD Middlewares/Third_Party/LwIP/src/core/altcp.o
LOAD Middlewares/Third_Party/LwIP/src/core/altcp_alloc.o
LOAD Middlewares/Third_Party/LwIP/src/core/altcp_tcp.o
LOAD Middlewares/Third_Party/LwIP/src/core/def.o
LOAD Middlewares/Third_Party/LwIP/src/core/dns.o
LOAD Middlewares/Third_Party/LwIP/src/core/inet_chksum.o
LOAD Middlewares/Third_Party/LwIP/src/core/init.o
LOAD Middlewares/Third_Party/LwIP/src/core/ip.o
LOAD Middlewares/Third_Party/LwIP/src/core/mem.o
LOAD Middlewares/Third_Party/LwIP/src/core/memp.o
LOAD Middlewares/Third_Party/LwIP/src/core/netif.o
LOAD Middlewares/Third_Party/LwIP/src/core/pbuf.o
LOAD Middlewares/Third_Party/LwIP/src/core/raw.o
LOAD Middlewares/Third_Party/LwIP/src/core/stats.o
LOAD Middlewares/Third_Party/LwIP/src/core/sys.o
LOAD Middlewares/Third_Party/LwIP/src/core/tcp.o
LOAD Middlewares/Third_Party/LwIP/src/core/tcp_in.o
LOAD Middlewares/Third_Party/LwIP/src/core/tcp_out.o
LOAD Middlewares/Third_Party/LwIP/src/core/timeouts.o
LOAD Middlewares/Third_Party/LwIP/src/core/udp.o
LOAD Middlewares/Third_Party/LwIP/src/core/ipv4/autoip.o
LOAD Middlewares/Third_Party/LwIP/src/core/ipv4/dhcp.o
LOAD Middlewares/Third_Party/LwIP/src/core/ipv4/etharp.o
LOAD Middlewares/Third_Party/LwIP/src/core/ipv4/icmp.o
LOAD Middlewares/Third_Party/LwIP/src/core/ipv4/igmp.o
LOAD Middlewares/Third_Party/LwIP/src/core/ipv4/ip4.o
LOAD Middlewares/Third_Party/LwIP/src/core/ipv4/ip4_addr.o
LOAD Middlewares/Third_Party/LwIP/src/core/ipv4/ip4_frag.o
LOAD Middlewares/Third_Party/LwIP/src/core/ipv6/dhcp6.o
LOAD Middlewares/Third_Party/LwIP/src/core/ipv6/ethip6.o
LOAD Middlewares/Third_Party/LwIP/src/core/ipv6/icmp6.o
LOAD Middlewares/Third_Party/LwIP/src/core/ipv6/inet6.o
LOAD Middlewares/Third_Party/LwIP/src/core/ipv6/ip6.o
LOAD Middlewares/Third_Party/LwIP/src/core/ipv6/ip6_addr.o
LOAD Middlewares/Third_Party/LwIP/src/core/ipv6/ip6_frag.o
LOAD Middlewares/Third_Party/LwIP/src/core/ipv6/mld6.o
LOAD Middlewares/Third_Party/LwIP/src/core/ipv6/nd6.o
LOAD Middlewares/Third_Party/LwIP/src/netif/bridgeif.o
LOAD Middlewares/Third_Party/LwIP/src/netif/bridgeif_fdb.o
LOAD Middlewares/Third_Party/LwIP/src/netif/ethernet.o
LOAD Middlewares/Third_Party/LwIP/src/netif/lowpan6.o
LOAD Middlewares/Third_Party/LwIP/src/netif/lowpan6_ble.o
LOAD Middlewares/Third_Party/LwIP/src/netif/lowpan6_common.o
LOAD Middlewares/Third_Party/LwIP/src/netif/slipif.o
LOAD Middlewares/Third_Party/LwIP/src/netif/zepif.o
LOAD Middlewares/Third_Party/LwIP/src/netif/ppp/auth.o
LOAD Middlewares/Third_Party/LwIP/src/netif/ppp/ccp.o
LOAD Middlewares/Third_Party/LwIP/src/netif/ppp/chap-md5.o
LOAD Middlewares/Third_Party/LwIP/src/netif/ppp/chap-new.o
LOAD Middlewares/Third_Party/LwIP/src/netif/ppp/chap_ms.o
LOAD Middlewares/Third_Party/LwIP/src/netif/ppp/demand.o
LOAD Middlewares/Third_Party/LwIP/src/netif/ppp/eap.o
LOAD Middlewares/Third_Party/LwIP/src/netif/ppp/ecp.o
LOAD Middlewares/Third_Party/LwIP/src/netif/ppp/eui64.o
LOAD Middlewares/Third_Party/LwIP/src/netif/ppp/fsm.o
LOAD Middlewares/Third_Party/LwIP/src/netif/ppp/ipcp.o
LOAD Middlewares/Third_Party/LwIP/src/netif/ppp/ipv6cp.o
LOAD Middlewares/Third_Party/LwIP/src/netif/ppp/lcp.o
LOAD Middlewares/Third_Party/LwIP/src/netif/ppp/magic.o
LOAD Middlewares/Third_Party/LwIP/src/netif/ppp/mppe.o
LOAD Middlewares/Third_Party/LwIP/src/netif/ppp/multilink.o
LOAD Middlewares/Third_Party/LwIP/src/netif/ppp/ppp.o
LOAD Middlewares/Third_Party/LwIP/src/netif/ppp/pppapi.o
LOAD Middlewares/Third_Party/LwIP/src/netif/ppp/pppcrypt.o
LOAD Middlewares/Third_Party/LwIP/src/netif/ppp/pppoe.o
LOAD Middlewares/Third_Party/LwIP/src/netif/ppp/pppol2tp.o
LOAD Middlewares/Third_Party/LwIP/src/netif/ppp/pppos.o
LOAD Middlewares/Third_Party/LwIP/src/netif/ppp/upap.o
LOAD Middlewares/Third_Party/LwIP/src/netif/ppp/utils.o
LOAD Middlewares/Third_Party/LwIP/src/netif/ppp/vj.o
LOAD Middlewares/Third_Party/LwIP/system/OS/sys_arch.o
START GROUP
LOAD d:/stm32cubeide_1.6.1/stm32cubeide/plugins/com.st.stm32cube.ide.mcu.externaltools.gnu-tools-for-stm32.9-2020-q2-update.win32_1.5.0.202011040924/tools/bin/../lib/gcc/arm-none-eabi/9.3.1/../../../../arm-none-eabi/lib/thumb/v7e-m+fp/hard\libc_nano.a
LOAD d:/stm32cubeide_1.6.1/stm32cubeide/plugins/com.st.stm32cube.ide.mcu.externaltools.gnu-tools-for-stm32.9-2020-q2-update.win32_1.5.0.202011040924/tools/bin/../lib/gcc/arm-none-eabi/9.3.1/../../../../arm-none-eabi/lib/thumb/v7e-m+fp/hard\libm.a
END GROUP
START GROUP
LOAD d:/stm32cubeide_1.6.1/stm32cubeide/plugins/com.st.stm32cube.ide.mcu.externaltools.gnu-tools-for-stm32.9-2020-q2-update.win32_1.5.0.202011040924/tools/bin/../lib/gcc/arm-none-eabi/9.3.1/thumb/v7e-m+fp/hard\libgcc.a
LOAD d:/stm32cubeide_1.6.1/stm32cubeide/plugins/com.st.stm32cube.ide.mcu.externaltools.gnu-tools-for-stm32.9-2020-q2-update.win32_1.5.0.202011040924/tools/bin/../lib/gcc/arm-none-eabi/9.3.1/../../../../arm-none-eabi/lib/thumb/v7e-m+fp/hard\libc_nano.a
END GROUP
START GROUP
LOAD d:/stm32cubeide_1.6.1/stm32cubeide/plugins/com.st.stm32cube.ide.mcu.externaltools.gnu-tools-for-stm32.9-2020-q2-update.win32_1.5.0.202011040924/tools/bin/../lib/gcc/arm-none-eabi/9.3.1/thumb/v7e-m+fp/hard\libgcc.a
LOAD d:/stm32cubeide_1.6.1/stm32cubeide/plugins/com.st.stm32cube.ide.mcu.externaltools.gnu-tools-for-stm32.9-2020-q2-update.win32_1.5.0.202011040924/tools/bin/../lib/gcc/arm-none-eabi/9.3.1/../../../../arm-none-eabi/lib/thumb/v7e-m+fp/hard\libc_nano.a
LOAD d:/stm32cubeide_1.6.1/stm32cubeide/plugins/com.st.stm32cube.ide.mcu.externaltools.gnu-tools-for-stm32.9-2020-q2-update.win32_1.5.0.202011040924/tools/bin/../lib/gcc/arm-none-eabi/9.3.1/../../../../arm-none-eabi/lib/thumb/v7e-m+fp/hard\libnosys.a
END GROUP
START GROUP
LOAD d:/stm32cubeide_1.6.1/stm32cubeide/plugins/com.st.stm32cube.ide.mcu.externaltools.gnu-tools-for-stm32.9-2020-q2-update.win32_1.5.0.202011040924/tools/bin/../lib/gcc/arm-none-eabi/9.3.1/thumb/v7e-m+fp/hard\libgcc.a
LOAD d:/stm32cubeide_1.6.1/stm32cubeide/plugins/com.st.stm32cube.ide.mcu.externaltools.gnu-tools-for-stm32.9-2020-q2-update.win32_1.5.0.202011040924/tools/bin/../lib/gcc/arm-none-eabi/9.3.1/../../../../arm-none-eabi/lib/thumb/v7e-m+fp/hard\libc_nano.a
LOAD d:/stm32cubeide_1.6.1/stm32cubeide/plugins/com.st.stm32cube.ide.mcu.externaltools.gnu-tools-for-stm32.9-2020-q2-update.win32_1.5.0.202011040924/tools/bin/../lib/gcc/arm-none-eabi/9.3.1/../../../../arm-none-eabi/lib/thumb/v7e-m+fp/hard\libnosys.a
END GROUP
LOAD d:/stm32cubeide_1.6.1/stm32cubeide/plugins/com.st.stm32cube.ide.mcu.externaltools.gnu-tools-for-stm32.9-2020-q2-update.win32_1.5.0.202011040924/tools/bin/../lib/gcc/arm-none-eabi/9.3.1/thumb/v7e-m+fp/hard/crtend.o
LOAD d:/stm32cubeide_1.6.1/stm32cubeide/plugins/com.st.stm32cube.ide.mcu.externaltools.gnu-tools-for-stm32.9-2020-q2-update.win32_1.5.0.202011040924/tools/bin/../lib/gcc/arm-none-eabi/9.3.1/thumb/v7e-m+fp/hard/crtn.o
                0x0000000020050000                _estack = (ORIGIN (RAM) + LENGTH (RAM))
                0x0000000000000200                _Min_Heap_Size = 0x200
                0x0000000000000400                _Min_Stack_Size = 0x400

.isr_vector     0x0000000008000000      0x1c8
                0x0000000008000000                . = ALIGN (0x4)
 *(.isr_vector)
 .isr_vector    0x0000000008000000      0x1c8 Core/Startup/startup_stm32f746nghx.o
                0x0000000008000000                g_pfnVectors
                0x00000000080001c8                . = ALIGN (0x4)

.text           0x00000000080001d0    0x13484
                0x00000000080001d0                . = ALIGN (0x4)
 *(.text)
 .text          0x00000000080001d0       0x40 d:/stm32cubeide_1.6.1/stm32cubeide/plugins/com.st.stm32cube.ide.mcu.externaltools.gnu-tools-for-stm32.9-2020-q2-update.win32_1.5.0.202011040924/tools/bin/../lib/gcc/arm-none-eabi/9.3.1/thumb/v7e-m+fp/hard/crtbegin.o
 .text          0x0000000008000210       0x14 d:/stm32cubeide_1.6.1/stm32cubeide/plugins/com.st.stm32cube.ide.mcu.externaltools.gnu-tools-for-stm32.9-2020-q2-update.win32_1.5.0.202011040924/tools/bin/../lib/gcc/arm-none-eabi/9.3.1/../../../../arm-none-eabi/lib/thumb/v7e-m+fp/hard\libc_nano.a(lib_a-strcmp.o)
                0x0000000008000210                strcmp
 .text          0x0000000008000224       0x10 d:/stm32cubeide_1.6.1/stm32cubeide/plugins/com.st.stm32cube.ide.mcu.externaltools.gnu-tools-for-stm32.9-2020-q2-update.win32_1.5.0.202011040924/tools/bin/../lib/gcc/arm-none-eabi/9.3.1/../../../../arm-none-eabi/lib/thumb/v7e-m+fp/hard\libc_nano.a(lib_a-strlen.o)
                0x0000000008000224                strlen
 *fill*         0x0000000008000234        0xc 
 .text          0x0000000008000240       0xa0 d:/stm32cubeide_1.6.1/stm32cubeide/plugins/com.st.stm32cube.ide.mcu.externaltools.gnu-tools-for-stm32.9-2020-q2-update.win32_1.5.0.202011040924/tools/bin/../lib/gcc/arm-none-eabi/9.3.1/../../../../arm-none-eabi/lib/thumb/v7e-m+fp/hard\libc_nano.a(lib_a-memchr.o)
                0x0000000008000240                memchr
 .text          0x00000000080002e0      0x378 d:/stm32cubeide_1.6.1/stm32cubeide/plugins/com.st.stm32cube.ide.mcu.externaltools.gnu-tools-for-stm32.9-2020-q2-update.win32_1.5.0.202011040924/tools/bin/../lib/gcc/arm-none-eabi/9.3.1/thumb/v7e-m+fp/hard\libgcc.a(_arm_addsubdf3.o)
                0x00000000080002e0                __aeabi_drsub
                0x00000000080002e8                __aeabi_dsub
                0x00000000080002e8                __subdf3
                0x00000000080002ec                __aeabi_dadd
                0x00000000080002ec                __adddf3
                0x0000000008000564                __floatunsidf
                0x0000000008000564                __aeabi_ui2d
                0x0000000008000584                __floatsidf
                0x0000000008000584                __aeabi_i2d
                0x00000000080005a8                __aeabi_f2d
                0x00000000080005a8                __extendsfdf2
                0x00000000080005ec                __floatundidf
                0x00000000080005ec                __aeabi_ul2d
                0x00000000080005fc                __floatdidf
                0x00000000080005fc                __aeabi_l2d
 .text          0x0000000008000658      0x424 d:/stm32cubeide_1.6.1/stm32cubeide/plugins/com.st.stm32cube.ide.mcu.externaltools.gnu-tools-for-stm32.9-2020-q2-update.win32_1.5.0.202011040924/tools/bin/../lib/gcc/arm-none-eabi/9.3.1/thumb/v7e-m+fp/hard\libgcc.a(_arm_muldivdf3.o)
                0x0000000008000658                __aeabi_dmul
                0x0000000008000658                __muldf3
                0x00000000080008ac                __divdf3
                0x00000000080008ac                __aeabi_ddiv
 .text          0x0000000008000a7c      0x110 d:/stm32cubeide_1.6.1/stm32cubeide/plugins/com.st.stm32cube.ide.mcu.externaltools.gnu-tools-for-stm32.9-2020-q2-update.win32_1.5.0.202011040924/tools/bin/../lib/gcc/arm-none-eabi/9.3.1/thumb/v7e-m+fp/hard\libgcc.a(_arm_cmpdf2.o)
                0x0000000008000a7c                __gtdf2
                0x0000000008000a7c                __gedf2
                0x0000000008000a84                __ltdf2
                0x0000000008000a84                __ledf2
                0x0000000008000a8c                __nedf2
                0x0000000008000a8c                __eqdf2
                0x0000000008000a8c                __cmpdf2
                0x0000000008000b08                __aeabi_cdrcmple
                0x0000000008000b18                __aeabi_cdcmpeq
                0x0000000008000b18                __aeabi_cdcmple
                0x0000000008000b28                __aeabi_dcmpeq
                0x0000000008000b3c                __aeabi_dcmplt
                0x0000000008000b50                __aeabi_dcmple
                0x0000000008000b64                __aeabi_dcmpge
                0x0000000008000b78                __aeabi_dcmpgt
 .text          0x0000000008000b8c       0x2c d:/stm32cubeide_1.6.1/stm32cubeide/plugins/com.st.stm32cube.ide.mcu.externaltools.gnu-tools-for-stm32.9-2020-q2-update.win32_1.5.0.202011040924/tools/bin/../lib/gcc/arm-none-eabi/9.3.1/thumb/v7e-m+fp/hard\libgcc.a(_arm_unorddf2.o)
                0x0000000008000b8c                __unorddf2
                0x0000000008000b8c                __aeabi_dcmpun
 .text          0x0000000008000bb8       0x50 d:/stm32cubeide_1.6.1/stm32cubeide/plugins/com.st.stm32cube.ide.mcu.externaltools.gnu-tools-for-stm32.9-2020-q2-update.win32_1.5.0.202011040924/tools/bin/../lib/gcc/arm-none-eabi/9.3.1/thumb/v7e-m+fp/hard\libgcc.a(_arm_fixdfsi.o)
                0x0000000008000bb8                __aeabi_d2iz
                0x0000000008000bb8                __fixdfsi
 .text          0x0000000008000c08       0xa0 d:/stm32cubeide_1.6.1/stm32cubeide/plugins/com.st.stm32cube.ide.mcu.externaltools.gnu-tools-for-stm32.9-2020-q2-update.win32_1.5.0.202011040924/tools/bin/../lib/gcc/arm-none-eabi/9.3.1/thumb/v7e-m+fp/hard\libgcc.a(_aeabi_ldivmod.o)
                0x0000000008000c08                __aeabi_ldivmod
 .text          0x0000000008000ca8       0x30 d:/stm32cubeide_1.6.1/stm32cubeide/plugins/com.st.stm32cube.ide.mcu.externaltools.gnu-tools-for-stm32.9-2020-q2-update.win32_1.5.0.202011040924/tools/bin/../lib/gcc/arm-none-eabi/9.3.1/thumb/v7e-m+fp/hard\libgcc.a(_aeabi_uldivmod.o)
                0x0000000008000ca8                __aeabi_uldivmod
 .text          0x0000000008000cd8      0x2c4 d:/stm32cubeide_1.6.1/stm32cubeide/plugins/com.st.stm32cube.ide.mcu.externaltools.gnu-tools-for-stm32.9-2020-q2-update.win32_1.5.0.202011040924/tools/bin/../lib/gcc/arm-none-eabi/9.3.1/thumb/v7e-m+fp/hard\libgcc.a(_udivmoddi4.o)
                0x0000000008000cd8                __udivmoddi4
 .text          0x0000000008000f9c        0x4 d:/stm32cubeide_1.6.1/stm32cubeide/plugins/com.st.stm32cube.ide.mcu.externaltools.gnu-tools-for-stm32.9-2020-q2-update.win32_1.5.0.202011040924/tools/bin/../lib/gcc/arm-none-eabi/9.3.1/thumb/v7e-m+fp/hard\libgcc.a(_dvmd_tls.o)
                0x0000000008000f9c                __aeabi_idiv0
                0x0000000008000f9c                __aeabi_ldiv0
 *(.text*)
 .text.clearFlash
                0x0000000008000fa0       0x30 Core/Src/MyFlash.o
                0x0000000008000fa0                clearFlash
 .text.WriteDeviceAddressOffset
                0x0000000008000fd0       0x34 Core/Src/MyFlash.o
                0x0000000008000fd0                WriteDeviceAddressOffset
 .text.ReadDeviceAddressOffset
                0x0000000008001004       0x1a Core/Src/MyFlash.o
                0x0000000008001004                ReadDeviceAddressOffset
 *fill*         0x000000000800101e        0x2 
 .text.vApplicationGetIdleTaskMemory
                0x0000000008001020       0x18 Core/Src/freertos.o
                0x0000000008001020                vApplicationGetIdleTaskMemory
 .text.StartDefaultTask
                0x0000000008001038       0xf4 Core/Src/main.o
                0x0000000008001038                StartDefaultTask
 .text._write   0x000000000800112c       0x30 Core/Src/main.o
                0x000000000800112c                _write
 .text.SystemClock_Config
                0x000000000800115c       0xd4 Core/Src/main.o
                0x000000000800115c                SystemClock_Config
 .text.startup.main
                0x0000000008001230      0x550 Core/Src/main.o
                0x0000000008001230                main
 .text.HAL_UART_TxCpltCallback
                0x0000000008001780       0x1c Core/Src/main.o
                0x0000000008001780                HAL_UART_TxCpltCallback
 *fill*         0x000000000800179c        0x4 
 .text.Hex_to_dec
                0x00000000080017a0       0x94 Core/Src/main.o
                0x00000000080017a0                Hex_to_dec
 .text.calc_crc
                0x0000000008001834       0x80 Core/Src/main.o
                0x0000000008001834                calc_crc
 .text.rtc_read
                0x00000000080018b4       0x74 Core/Src/main.o
                0x00000000080018b4                rtc_read
 .text.tcpecho_thread
                0x0000000008001928       0xf0 Core/Src/main.o
                0x0000000008001928                tcpecho_thread
 .text.HAL_UART_RxCpltCallback
                0x0000000008001a18      0x354 Core/Src/main.o
                0x0000000008001a18                HAL_UART_RxCpltCallback
 .text.HAL_TIM_PeriodElapsedCallback
                0x0000000008001d6c       0x14 Core/Src/main.o
                0x0000000008001d6c                HAL_TIM_PeriodElapsedCallback
 .text.fs_open_custom
                0x0000000008001d80      0x1a8 Core/Src/myapi.o
                0x0000000008001d80                fs_open_custom
 .text.fs_close_custom
                0x0000000008001f28       0x14 Core/Src/myapi.o
                0x0000000008001f28                fs_close_custom
 .text.jsoneq.constprop.0
                0x0000000008001f3c       0x40 Core/Src/post_api.o
 .text.jsmn_parse
                0x0000000008001f7c      0x34c Core/Src/post_api.o
                0x0000000008001f7c                jsmn_parse
 .text.httpd_post_begin
                0x00000000080022c8       0x64 Core/Src/post_api.o
                0x00000000080022c8                httpd_post_begin
 .text.httpd_post_receive_data
                0x000000000800232c      0x1cc Core/Src/post_api.o
                0x000000000800232c                httpd_post_receive_data
 .text.httpd_post_finished
                0x00000000080024f8       0x48 Core/Src/post_api.o
                0x00000000080024f8                httpd_post_finished
 .text.HAL_MspInit
                0x0000000008002540       0x3c Core/Src/stm32f7xx_hal_msp.o
                0x0000000008002540                HAL_MspInit
 .text.HAL_RTC_MspInit
                0x000000000800257c       0x1c Core/Src/stm32f7xx_hal_msp.o
                0x000000000800257c                HAL_RTC_MspInit
 .text.HAL_UART_MspInit
                0x0000000008002598       0x78 Core/Src/stm32f7xx_hal_msp.o
                0x0000000008002598                HAL_UART_MspInit
 .text.HAL_InitTick
                0x0000000008002610       0x78 Core/Src/stm32f7xx_hal_timebase_tim.o
                0x0000000008002610                HAL_InitTick
 .text.NMI_Handler
                0x0000000008002688        0x2 Core/Src/stm32f7xx_it.o
                0x0000000008002688                NMI_Handler
 .text.HardFault_Handler
                0x000000000800268a        0x2 Core/Src/stm32f7xx_it.o
                0x000000000800268a                HardFault_Handler
 .text.MemManage_Handler
                0x000000000800268c        0x2 Core/Src/stm32f7xx_it.o
                0x000000000800268c                MemManage_Handler
 .text.BusFault_Handler
                0x000000000800268e        0x2 Core/Src/stm32f7xx_it.o
                0x000000000800268e                BusFault_Handler
 .text.UsageFault_Handler
                0x0000000008002690        0x2 Core/Src/stm32f7xx_it.o
                0x0000000008002690                UsageFault_Handler
 .text.DebugMon_Handler
                0x0000000008002692        0x2 Core/Src/stm32f7xx_it.o
                0x0000000008002692                DebugMon_Handler
 .text.TIM6_DAC_IRQHandler
                0x0000000008002694        0xc Core/Src/stm32f7xx_it.o
                0x0000000008002694                TIM6_DAC_IRQHandler
 .text.ETH_IRQHandler
                0x00000000080026a0        0xc Core/Src/stm32f7xx_it.o
                0x00000000080026a0                ETH_IRQHandler
 .text.UART7_IRQHandler
                0x00000000080026ac        0xc Core/Src/stm32f7xx_it.o
                0x00000000080026ac                UART7_IRQHandler
 .text._getpid  0x00000000080026b8        0x4 Core/Src/syscalls.o
                0x00000000080026b8                _getpid
 .text._kill    0x00000000080026bc       0x10 Core/Src/syscalls.o
                0x00000000080026bc                _kill
 .text._exit    0x00000000080026cc        0xc Core/Src/syscalls.o
                0x00000000080026cc                _exit
 .text._read    0x00000000080026d8       0x1a Core/Src/syscalls.o
                0x00000000080026d8                _read
 .text._close   0x00000000080026f2        0x6 Core/Src/syscalls.o
                0x00000000080026f2                _close
 .text._fstat   0x00000000080026f8        0xa Core/Src/syscalls.o
                0x00000000080026f8                _fstat
 .text._isatty  0x0000000008002702        0x4 Core/Src/syscalls.o
                0x0000000008002702                _isatty
 .text._lseek   0x0000000008002706        0x4 Core/Src/syscalls.o
                0x0000000008002706                _lseek
 *fill*         0x000000000800270a        0x2 
 .text._sbrk    0x000000000800270c       0x40 Core/Src/sysmem.o
                0x000000000800270c                _sbrk
 .text.SystemInit
                0x000000000800274c       0x14 Core/Src/system_stm32f7xx.o
                0x000000000800274c                SystemInit
 .text.Reset_Handler
                0x0000000008002760       0x50 Core/Startup/startup_stm32f746nghx.o
                0x0000000008002760                Reset_Handler
 .text.Default_Handler
                0x00000000080027b0        0x2 Core/Startup/startup_stm32f746nghx.o
                0x00000000080027b0                RTC_Alarm_IRQHandler
                0x00000000080027b0                EXTI2_IRQHandler
                0x00000000080027b0                TIM8_CC_IRQHandler
                0x00000000080027b0                UART8_IRQHandler
                0x00000000080027b0                SPI4_IRQHandler
                0x00000000080027b0                TIM1_CC_IRQHandler
                0x00000000080027b0                DMA2_Stream5_IRQHandler
                0x00000000080027b0                DMA1_Stream5_IRQHandler
                0x00000000080027b0                PVD_IRQHandler
                0x00000000080027b0                TAMP_STAMP_IRQHandler
                0x00000000080027b0                CAN2_RX1_IRQHandler
                0x00000000080027b0                EXTI3_IRQHandler
                0x00000000080027b0                TIM8_TRG_COM_TIM14_IRQHandler
                0x00000000080027b0                TIM1_UP_TIM10_IRQHandler
                0x00000000080027b0                TIM8_UP_TIM13_IRQHandler
                0x00000000080027b0                I2C3_ER_IRQHandler
                0x00000000080027b0                EXTI0_IRQHandler
                0x00000000080027b0                I2C2_EV_IRQHandler
                0x00000000080027b0                DMA1_Stream2_IRQHandler
                0x00000000080027b0                CAN1_RX0_IRQHandler
                0x00000000080027b0                FPU_IRQHandler
                0x00000000080027b0                OTG_HS_WKUP_IRQHandler
                0x00000000080027b0                LTDC_ER_IRQHandler
                0x00000000080027b0                CAN2_SCE_IRQHandler
                0x00000000080027b0                DMA2_Stream2_IRQHandler
                0x00000000080027b0                SPI1_IRQHandler
                0x00000000080027b0                TIM1_BRK_TIM9_IRQHandler
                0x00000000080027b0                DCMI_IRQHandler
                0x00000000080027b0                CAN2_RX0_IRQHandler
                0x00000000080027b0                DMA2_Stream3_IRQHandler
                0x00000000080027b0                SAI2_IRQHandler
                0x00000000080027b0                USART6_IRQHandler
                0x00000000080027b0                USART3_IRQHandler
                0x00000000080027b0                CAN1_RX1_IRQHandler
                0x00000000080027b0                UART5_IRQHandler
                0x00000000080027b0                DMA2_Stream0_IRQHandler
                0x00000000080027b0                TIM4_IRQHandler
                0x00000000080027b0                QUADSPI_IRQHandler
                0x00000000080027b0                I2C1_EV_IRQHandler
                0x00000000080027b0                DMA1_Stream6_IRQHandler
                0x00000000080027b0                DMA1_Stream1_IRQHandler
                0x00000000080027b0                UART4_IRQHandler
                0x00000000080027b0                TIM3_IRQHandler
                0x00000000080027b0                RCC_IRQHandler
                0x00000000080027b0                TIM8_BRK_TIM12_IRQHandler
                0x00000000080027b0                Default_Handler
                0x00000000080027b0                CEC_IRQHandler
                0x00000000080027b0                EXTI15_10_IRQHandler
                0x00000000080027b0                ADC_IRQHandler
                0x00000000080027b0                DMA1_Stream7_IRQHandler
                0x00000000080027b0                SPI5_IRQHandler
                0x00000000080027b0                TIM7_IRQHandler
                0x00000000080027b0                SDMMC1_IRQHandler
                0x00000000080027b0                CAN2_TX_IRQHandler
                0x00000000080027b0                TIM5_IRQHandler
                0x00000000080027b0                DMA2_Stream7_IRQHandler
                0x00000000080027b0                I2C3_EV_IRQHandler
                0x00000000080027b0                EXTI9_5_IRQHandler
                0x00000000080027b0                RTC_WKUP_IRQHandler
                0x00000000080027b0                LTDC_IRQHandler
                0x00000000080027b0                ETH_WKUP_IRQHandler
                0x00000000080027b0                SPDIF_RX_IRQHandler
                0x00000000080027b0                SPI2_IRQHandler
                0x00000000080027b0                OTG_HS_EP1_IN_IRQHandler
                0x00000000080027b0                DMA1_Stream0_IRQHandler
                0x00000000080027b0                CAN1_TX_IRQHandler
                0x00000000080027b0                EXTI4_IRQHandler
                0x00000000080027b0                RNG_IRQHandler
                0x00000000080027b0                OTG_HS_EP1_OUT_IRQHandler
                0x00000000080027b0                WWDG_IRQHandler
                0x00000000080027b0                SPI6_IRQHandler
                0x00000000080027b0                I2C4_EV_IRQHandler
                0x00000000080027b0                TIM2_IRQHandler
                0x00000000080027b0                OTG_FS_WKUP_IRQHandler
                0x00000000080027b0                TIM1_TRG_COM_TIM11_IRQHandler
                0x00000000080027b0                OTG_HS_IRQHandler
                0x00000000080027b0                DMA2D_IRQHandler
                0x00000000080027b0                EXTI1_IRQHandler
                0x00000000080027b0                USART2_IRQHandler
                0x00000000080027b0                I2C2_ER_IRQHandler
                0x00000000080027b0                DMA2_Stream1_IRQHandler
                0x00000000080027b0                CAN1_SCE_IRQHandler
                0x00000000080027b0                FLASH_IRQHandler
                0x00000000080027b0                DMA2_Stream4_IRQHandler
                0x00000000080027b0                USART1_IRQHandler
                0x00000000080027b0                OTG_FS_IRQHandler
                0x00000000080027b0                SPI3_IRQHandler
                0x00000000080027b0                DMA1_Stream4_IRQHandler
                0x00000000080027b0                I2C1_ER_IRQHandler
                0x00000000080027b0                FMC_IRQHandler
                0x00000000080027b0                LPTIM1_IRQHandler
                0x00000000080027b0                I2C4_ER_IRQHandler
                0x00000000080027b0                DMA2_Stream6_IRQHandler
                0x00000000080027b0                SAI1_IRQHandler
                0x00000000080027b0                DMA1_Stream3_IRQHandler
 .text.HAL_Init
                0x00000000080027b2       0x16 Drivers/STM32F7xx_HAL_Driver/Src/stm32f7xx_hal.o
                0x00000000080027b2                HAL_Init
 .text.HAL_IncTick
                0x00000000080027c8       0x18 Drivers/STM32F7xx_HAL_Driver/Src/stm32f7xx_hal.o
                0x00000000080027c8                HAL_IncTick
 .text.HAL_GetTick
                0x00000000080027e0        0xc Drivers/STM32F7xx_HAL_Driver/Src/stm32f7xx_hal.o
                0x00000000080027e0                HAL_GetTick
 .text.HAL_Delay
                0x00000000080027ec       0x24 Drivers/STM32F7xx_HAL_Driver/Src/stm32f7xx_hal.o
                0x00000000080027ec                HAL_Delay
 .text.HAL_NVIC_SetPriorityGrouping
                0x0000000008002810       0x24 Drivers/STM32F7xx_HAL_Driver/Src/stm32f7xx_hal_cortex.o
                0x0000000008002810                HAL_NVIC_SetPriorityGrouping
 .text.HAL_NVIC_SetPriority
                0x0000000008002834       0x64 Drivers/STM32F7xx_HAL_Driver/Src/stm32f7xx_hal_cortex.o
                0x0000000008002834                HAL_NVIC_SetPriority
 .text.HAL_NVIC_EnableIRQ
                0x0000000008002898       0x1c Drivers/STM32F7xx_HAL_Driver/Src/stm32f7xx_hal_cortex.o
                0x0000000008002898                HAL_NVIC_EnableIRQ
 .text.HAL_DMA_Abort
                0x00000000080028b4       0x88 Drivers/STM32F7xx_HAL_Driver/Src/stm32f7xx_hal_dma.o
                0x00000000080028b4                HAL_DMA_Abort
 .text.HAL_DMA_Abort_IT
                0x000000000800293c       0x24 Drivers/STM32F7xx_HAL_Driver/Src/stm32f7xx_hal_dma.o
                0x000000000800293c                HAL_DMA_Abort_IT
 .text.ETH_FlushTransmitFIFO
                0x0000000008002960       0x2a Drivers/STM32F7xx_HAL_Driver/Src/stm32f7xx_hal_eth.o
 *fill*         0x000000000800298a        0x2 
 .text.ETH_MACDMAConfig
                0x000000000800298c       0xf4 Drivers/STM32F7xx_HAL_Driver/Src/stm32f7xx_hal_eth.o
 .text.HAL_ETH_DMATxDescListInit
                0x0000000008002a80       0x78 Drivers/STM32F7xx_HAL_Driver/Src/stm32f7xx_hal_eth.o
                0x0000000008002a80                HAL_ETH_DMATxDescListInit
 .text.HAL_ETH_DMARxDescListInit
                0x0000000008002af8       0x74 Drivers/STM32F7xx_HAL_Driver/Src/stm32f7xx_hal_eth.o
                0x0000000008002af8                HAL_ETH_DMARxDescListInit
 .text.HAL_ETH_TransmitFrame
                0x0000000008002b6c       0xe4 Drivers/STM32F7xx_HAL_Driver/Src/stm32f7xx_hal_eth.o
                0x0000000008002b6c                HAL_ETH_TransmitFrame
 .text.HAL_ETH_GetReceivedFrame_IT
                0x0000000008002c50       0x8a Drivers/STM32F7xx_HAL_Driver/Src/stm32f7xx_hal_eth.o
                0x0000000008002c50                HAL_ETH_GetReceivedFrame_IT
 .text.HAL_ETH_TxCpltCallback
                0x0000000008002cda        0x2 Drivers/STM32F7xx_HAL_Driver/Src/stm32f7xx_hal_eth.o
                0x0000000008002cda                HAL_ETH_TxCpltCallback
 .text.HAL_ETH_ErrorCallback
                0x0000000008002cdc        0x2 Drivers/STM32F7xx_HAL_Driver/Src/stm32f7xx_hal_eth.o
                0x0000000008002cdc                HAL_ETH_ErrorCallback
 .text.HAL_ETH_IRQHandler
                0x0000000008002cde       0x70 Drivers/STM32F7xx_HAL_Driver/Src/stm32f7xx_hal_eth.o
                0x0000000008002cde                HAL_ETH_IRQHandler
 .text.HAL_ETH_ReadPHYRegister
                0x0000000008002d4e       0x76 Drivers/STM32F7xx_HAL_Driver/Src/stm32f7xx_hal_eth.o
                0x0000000008002d4e                HAL_ETH_ReadPHYRegister
 .text.HAL_ETH_WritePHYRegister
                0x0000000008002dc4       0x70 Drivers/STM32F7xx_HAL_Driver/Src/stm32f7xx_hal_eth.o
                0x0000000008002dc4                HAL_ETH_WritePHYRegister
 .text.HAL_ETH_Init
                0x0000000008002e34      0x1f4 Drivers/STM32F7xx_HAL_Driver/Src/stm32f7xx_hal_eth.o
                0x0000000008002e34                HAL_ETH_Init
 .text.HAL_ETH_Start
                0x0000000008003028       0x7a Drivers/STM32F7xx_HAL_Driver/Src/stm32f7xx_hal_eth.o
                0x0000000008003028                HAL_ETH_Start
 *fill*         0x00000000080030a2        0x2 
 .text.FLASH_Program_DoubleWord
                0x00000000080030a4       0x30 Drivers/STM32F7xx_HAL_Driver/Src/stm32f7xx_hal_flash.o
 .text.FLASH_Program_Word
                0x00000000080030d4       0x28 Drivers/STM32F7xx_HAL_Driver/Src/stm32f7xx_hal_flash.o
 .text.FLASH_Program_HalfWord
                0x00000000080030fc       0x28 Drivers/STM32F7xx_HAL_Driver/Src/stm32f7xx_hal_flash.o
 .text.FLASH_Program_Byte
                0x0000000008003124       0x24 Drivers/STM32F7xx_HAL_Driver/Src/stm32f7xx_hal_flash.o
 .text.FLASH_SetErrorCode
                0x0000000008003148       0x64 Drivers/STM32F7xx_HAL_Driver/Src/stm32f7xx_hal_flash.o
 .text.HAL_FLASH_Unlock
                0x00000000080031ac       0x24 Drivers/STM32F7xx_HAL_Driver/Src/stm32f7xx_hal_flash.o
                0x00000000080031ac                HAL_FLASH_Unlock
 .text.HAL_FLASH_Lock
                0x00000000080031d0       0x14 Drivers/STM32F7xx_HAL_Driver/Src/stm32f7xx_hal_flash.o
                0x00000000080031d0                HAL_FLASH_Lock
 .text.FLASH_WaitForLastOperation
                0x00000000080031e4       0x58 Drivers/STM32F7xx_HAL_Driver/Src/stm32f7xx_hal_flash.o
                0x00000000080031e4                FLASH_WaitForLastOperation
 .text.HAL_FLASH_Program
                0x000000000800323c       0x7c Drivers/STM32F7xx_HAL_Driver/Src/stm32f7xx_hal_flash.o
                0x000000000800323c                HAL_FLASH_Program
 .text.FLASH_MassErase
                0x00000000080032b8       0x28 Drivers/STM32F7xx_HAL_Driver/Src/stm32f7xx_hal_flash_ex.o
 .text.FLASH_Erase_Sector
                0x00000000080032e0       0x50 Drivers/STM32F7xx_HAL_Driver/Src/stm32f7xx_hal_flash_ex.o
                0x00000000080032e0                FLASH_Erase_Sector
 .text.HAL_FLASHEx_Erase
                0x0000000008003330       0x98 Drivers/STM32F7xx_HAL_Driver/Src/stm32f7xx_hal_flash_ex.o
                0x0000000008003330                HAL_FLASHEx_Erase
 .text.HAL_GPIO_Init
                0x00000000080033c8      0x1c8 Drivers/STM32F7xx_HAL_Driver/Src/stm32f7xx_hal_gpio.o
                0x00000000080033c8                HAL_GPIO_Init
 .text.HAL_GPIO_ReadPin
                0x0000000008003590        0xc Drivers/STM32F7xx_HAL_Driver/Src/stm32f7xx_hal_gpio.o
                0x0000000008003590                HAL_GPIO_ReadPin
 .text.HAL_GPIO_WritePin
                0x000000000800359c        0xa Drivers/STM32F7xx_HAL_Driver/Src/stm32f7xx_hal_gpio.o
                0x000000000800359c                HAL_GPIO_WritePin
 .text.HAL_GPIO_TogglePin
                0x00000000080035a6       0x12 Drivers/STM32F7xx_HAL_Driver/Src/stm32f7xx_hal_gpio.o
                0x00000000080035a6                HAL_GPIO_TogglePin
 .text.HAL_PWR_EnableBkUpAccess
                0x00000000080035b8       0x10 Drivers/STM32F7xx_HAL_Driver/Src/stm32f7xx_hal_pwr.o
                0x00000000080035b8                HAL_PWR_EnableBkUpAccess
 .text.HAL_PWREx_EnableOverDrive
                0x00000000080035c8       0x70 Drivers/STM32F7xx_HAL_Driver/Src/stm32f7xx_hal_pwr_ex.o
                0x00000000080035c8                HAL_PWREx_EnableOverDrive
 .text.HAL_RCC_OscConfig
                0x0000000008003638      0x37c Drivers/STM32F7xx_HAL_Driver/Src/stm32f7xx_hal_rcc.o
                0x0000000008003638                HAL_RCC_OscConfig
 .text.HAL_RCC_GetSysClockFreq
                0x00000000080039b4       0x5c Drivers/STM32F7xx_HAL_Driver/Src/stm32f7xx_hal_rcc.o
                0x00000000080039b4                HAL_RCC_GetSysClockFreq
 .text.HAL_RCC_ClockConfig
                0x0000000008003a10      0x140 Drivers/STM32F7xx_HAL_Driver/Src/stm32f7xx_hal_rcc.o
                0x0000000008003a10                HAL_RCC_ClockConfig
 .text.HAL_RCC_GetHCLKFreq
                0x0000000008003b50        0xc Drivers/STM32F7xx_HAL_Driver/Src/stm32f7xx_hal_rcc.o
                0x0000000008003b50                HAL_RCC_GetHCLKFreq
 .text.HAL_RCC_GetPCLK1Freq
                0x0000000008003b5c       0x20 Drivers/STM32F7xx_HAL_Driver/Src/stm32f7xx_hal_rcc.o
                0x0000000008003b5c                HAL_RCC_GetPCLK1Freq
 .text.HAL_RCC_GetPCLK2Freq
                0x0000000008003b7c       0x20 Drivers/STM32F7xx_HAL_Driver/Src/stm32f7xx_hal_rcc.o
                0x0000000008003b7c                HAL_RCC_GetPCLK2Freq
 .text.HAL_RCC_GetClockConfig
                0x0000000008003b9c       0x3c Drivers/STM32F7xx_HAL_Driver/Src/stm32f7xx_hal_rcc.o
                0x0000000008003b9c                HAL_RCC_GetClockConfig
 .text.HAL_RCCEx_PeriphCLKConfig
                0x0000000008003bd8      0x510 Drivers/STM32F7xx_HAL_Driver/Src/stm32f7xx_hal_rcc_ex.o
                0x0000000008003bd8                HAL_RCCEx_PeriphCLKConfig
 .text.HAL_RTC_WaitForSynchro
                0x00000000080040e8       0x30 Drivers/STM32F7xx_HAL_Driver/Src/stm32f7xx_hal_rtc.o
                0x00000000080040e8                HAL_RTC_WaitForSynchro
 .text.RTC_EnterInitMode
                0x0000000008004118       0x34 Drivers/STM32F7xx_HAL_Driver/Src/stm32f7xx_hal_rtc.o
                0x0000000008004118                RTC_EnterInitMode
 .text.HAL_RTC_Init
                0x000000000800414c       0x9c Drivers/STM32F7xx_HAL_Driver/Src/stm32f7xx_hal_rtc.o
                0x000000000800414c                HAL_RTC_Init
 .text.RTC_ByteToBcd2
                0x00000000080041e8       0x16 Drivers/STM32F7xx_HAL_Driver/Src/stm32f7xx_hal_rtc.o
                0x00000000080041e8                RTC_ByteToBcd2
 .text.HAL_RTC_SetTime
                0x00000000080041fe       0xe0 Drivers/STM32F7xx_HAL_Driver/Src/stm32f7xx_hal_rtc.o
                0x00000000080041fe                HAL_RTC_SetTime
 .text.HAL_RTC_SetDate
                0x00000000080042de       0xbe Drivers/STM32F7xx_HAL_Driver/Src/stm32f7xx_hal_rtc.o
                0x00000000080042de                HAL_RTC_SetDate
 .text.RTC_Bcd2ToByte
                0x000000000800439c       0x12 Drivers/STM32F7xx_HAL_Driver/Src/stm32f7xx_hal_rtc.o
                0x000000000800439c                RTC_Bcd2ToByte
 .text.HAL_RTC_GetTime
                0x00000000080043ae       0x4a Drivers/STM32F7xx_HAL_Driver/Src/stm32f7xx_hal_rtc.o
                0x00000000080043ae                HAL_RTC_GetTime
 .text.HAL_RTC_GetDate
                0x00000000080043f8       0x3a Drivers/STM32F7xx_HAL_Driver/Src/stm32f7xx_hal_rtc.o
                0x00000000080043f8                HAL_RTC_GetDate
 .text.HAL_TIM_Base_MspInit
                0x0000000008004432        0x2 Drivers/STM32F7xx_HAL_Driver/Src/stm32f7xx_hal_tim.o
                0x0000000008004432                HAL_TIM_Base_MspInit
 .text.HAL_TIM_Base_Start_IT
                0x0000000008004434       0x7c Drivers/STM32F7xx_HAL_Driver/Src/stm32f7xx_hal_tim.o
                0x0000000008004434                HAL_TIM_Base_Start_IT
 .text.HAL_TIM_OC_DelayElapsedCallback
                0x00000000080044b0        0x2 Drivers/STM32F7xx_HAL_Driver/Src/stm32f7xx_hal_tim.o
                0x00000000080044b0                HAL_TIM_OC_DelayElapsedCallback
 .text.HAL_TIM_IC_CaptureCallback
                0x00000000080044b2        0x2 Drivers/STM32F7xx_HAL_Driver/Src/stm32f7xx_hal_tim.o
                0x00000000080044b2                HAL_TIM_IC_CaptureCallback
 .text.HAL_TIM_PWM_PulseFinishedCallback
                0x00000000080044b4        0x2 Drivers/STM32F7xx_HAL_Driver/Src/stm32f7xx_hal_tim.o
                0x00000000080044b4                HAL_TIM_PWM_PulseFinishedCallback
 .text.HAL_TIM_TriggerCallback
                0x00000000080044b6        0x2 Drivers/STM32F7xx_HAL_Driver/Src/stm32f7xx_hal_tim.o
                0x00000000080044b6                HAL_TIM_TriggerCallback
 .text.HAL_TIM_IRQHandler
                0x00000000080044b8      0x160 Drivers/STM32F7xx_HAL_Driver/Src/stm32f7xx_hal_tim.o
                0x00000000080044b8                HAL_TIM_IRQHandler
 .text.TIM_Base_SetConfig
                0x0000000008004618       0xcc Drivers/STM32F7xx_HAL_Driver/Src/stm32f7xx_hal_tim.o
                0x0000000008004618                TIM_Base_SetConfig
 .text.HAL_TIM_Base_Init
                0x00000000080046e4       0x60 Drivers/STM32F7xx_HAL_Driver/Src/stm32f7xx_hal_tim.o
                0x00000000080046e4                HAL_TIM_Base_Init
 .text.HAL_TIMEx_CommutCallback
                0x0000000008004744        0x2 Drivers/STM32F7xx_HAL_Driver/Src/stm32f7xx_hal_tim_ex.o
                0x0000000008004744                HAL_TIMEx_CommutCallback
 .text.HAL_TIMEx_BreakCallback
                0x0000000008004746        0x2 Drivers/STM32F7xx_HAL_Driver/Src/stm32f7xx_hal_tim_ex.o
                0x0000000008004746                HAL_TIMEx_BreakCallback
 .text.HAL_TIMEx_Break2Callback
                0x0000000008004748        0x2 Drivers/STM32F7xx_HAL_Driver/Src/stm32f7xx_hal_tim_ex.o
                0x0000000008004748                HAL_TIMEx_Break2Callback
 .text.UART_EndRxTransfer
                0x000000000800474a       0x4e Drivers/STM32F7xx_HAL_Driver/Src/stm32f7xx_hal_uart.o
 .text.HAL_UART_ErrorCallback
                0x0000000008004798        0x2 Drivers/STM32F7xx_HAL_Driver/Src/stm32f7xx_hal_uart.o
                0x0000000008004798                HAL_UART_ErrorCallback
 .text.UART_DMAAbortOnError
                0x000000000800479a       0x14 Drivers/STM32F7xx_HAL_Driver/Src/stm32f7xx_hal_uart.o
 .text.HAL_UARTEx_RxEventCallback
                0x00000000080047ae        0x2 Drivers/STM32F7xx_HAL_Driver/Src/stm32f7xx_hal_uart.o
                0x00000000080047ae                HAL_UARTEx_RxEventCallback
 .text.HAL_UART_IRQHandler
                0x00000000080047b0      0x278 Drivers/STM32F7xx_HAL_Driver/Src/stm32f7xx_hal_uart.o
                0x00000000080047b0                HAL_UART_IRQHandler
 .text.UART_RxISR_8BIT.part.0
                0x0000000008004a28       0x66 Drivers/STM32F7xx_HAL_Driver/Src/stm32f7xx_hal_uart.o
 .text.UART_RxISR_16BIT
                0x0000000008004a8e       0x3a Drivers/STM32F7xx_HAL_Driver/Src/stm32f7xx_hal_uart.o
 .text.UART_RxISR_8BIT
                0x0000000008004ac8       0x46 Drivers/STM32F7xx_HAL_Driver/Src/stm32f7xx_hal_uart.o
 *fill*         0x0000000008004b0e        0x2 
 .text.UART_SetConfig
                0x0000000008004b10      0x28c Drivers/STM32F7xx_HAL_Driver/Src/stm32f7xx_hal_uart.o
                0x0000000008004b10                UART_SetConfig
 .text.UART_AdvFeatureConfig
                0x0000000008004d9c       0xaa Drivers/STM32F7xx_HAL_Driver/Src/stm32f7xx_hal_uart.o
                0x0000000008004d9c                UART_AdvFeatureConfig
 .text.UART_WaitOnFlagUntilTimeout
                0x0000000008004e46       0xbc Drivers/STM32F7xx_HAL_Driver/Src/stm32f7xx_hal_uart.o
                0x0000000008004e46                UART_WaitOnFlagUntilTimeout
 .text.HAL_UART_Transmit
                0x0000000008004f02       0xb4 Drivers/STM32F7xx_HAL_Driver/Src/stm32f7xx_hal_uart.o
                0x0000000008004f02                HAL_UART_Transmit
 .text.UART_CheckIdleState
                0x0000000008004fb6       0x44 Drivers/STM32F7xx_HAL_Driver/Src/stm32f7xx_hal_uart.o
                0x0000000008004fb6                UART_CheckIdleState
 .text.HAL_UART_Init
                0x0000000008004ffa       0x5c Drivers/STM32F7xx_HAL_Driver/Src/stm32f7xx_hal_uart.o
                0x0000000008004ffa                HAL_UART_Init
 *fill*         0x0000000008005056        0x2 
 .text.UART_Start_Receive_IT
                0x0000000008005058       0xc0 Drivers/STM32F7xx_HAL_Driver/Src/stm32f7xx_hal_uart.o
                0x0000000008005058                UART_Start_Receive_IT
 .text.HAL_UART_Receive_IT
                0x0000000008005118       0x46 Drivers/STM32F7xx_HAL_Driver/Src/stm32f7xx_hal_uart.o
                0x0000000008005118                HAL_UART_Receive_IT
 *fill*         0x000000000800515e        0x2 
 .text.getMAC   0x0000000008005160       0x10 LWIP/App/lwip.o
                0x0000000008005160                getMAC
 .text.setIP    0x0000000008005170       0x18 LWIP/App/lwip.o
                0x0000000008005170                setIP
 .text.setNetmask
                0x0000000008005188       0x18 LWIP/App/lwip.o
                0x0000000008005188                setNetmask
 .text.MX_LWIP_Init
                0x00000000080051a0       0xa4 LWIP/App/lwip.o
                0x00000000080051a0                MX_LWIP_Init
 .text.low_level_output
                0x0000000008005244       0x9c LWIP/Target/ethernetif.o
 .text.ethernetif_input
                0x00000000080052e0       0xfc LWIP/Target/ethernetif.o
                0x00000000080052e0                ethernetif_input
 .text.HAL_ETH_MspInit
                0x00000000080053dc       0xf4 LWIP/Target/ethernetif.o
                0x00000000080053dc                HAL_ETH_MspInit
 .text.HAL_ETH_RxCpltCallback
                0x00000000080054d0        0xc LWIP/Target/ethernetif.o
                0x00000000080054d0                HAL_ETH_RxCpltCallback
 .text.crc32b   0x00000000080054dc       0x30 LWIP/Target/ethernetif.o
                0x00000000080054dc                crc32b
 .text.ethernetif_init
                0x000000000800550c      0x16c LWIP/Target/ethernetif.o
                0x000000000800550c                ethernetif_init
 .text.sys_now  0x0000000008005678        0x4 LWIP/Target/ethernetif.o
                0x0000000008005678                sys_now
 .text.osKernelStart
                0x000000000800567c        0xa Middlewares/Third_Party/FreeRTOS/Source/CMSIS_RTOS/cmsis_os.o
                0x000000000800567c                osKernelStart
 .text.osKernelSysTick
                0x0000000008005686        0xe Middlewares/Third_Party/FreeRTOS/Source/CMSIS_RTOS/cmsis_os.o
                0x0000000008005686                osKernelSysTick
 .text.osThreadCreate
                0x0000000008005694       0x50 Middlewares/Third_Party/FreeRTOS/Source/CMSIS_RTOS/cmsis_os.o
                0x0000000008005694                osThreadCreate
 .text.osMutexCreate
                0x00000000080056e4        0xe Middlewares/Third_Party/FreeRTOS/Source/CMSIS_RTOS/cmsis_os.o
                0x00000000080056e4                osMutexCreate
 *fill*         0x00000000080056f2        0x2 
 .text.osMutexWait
                0x00000000080056f4       0x4c Middlewares/Third_Party/FreeRTOS/Source/CMSIS_RTOS/cmsis_os.o
                0x00000000080056f4                osMutexWait
 .text.osMutexRelease
                0x0000000008005740       0x48 Middlewares/Third_Party/FreeRTOS/Source/CMSIS_RTOS/cmsis_os.o
                0x0000000008005740                osMutexRelease
 .text.osMutexDelete
                0x0000000008005788       0x14 Middlewares/Third_Party/FreeRTOS/Source/CMSIS_RTOS/cmsis_os.o
                0x0000000008005788                osMutexDelete
 .text.osSemaphoreCreate
                0x000000000800579c       0x48 Middlewares/Third_Party/FreeRTOS/Source/CMSIS_RTOS/cmsis_os.o
                0x000000000800579c                osSemaphoreCreate
 .text.osSemaphoreWait
                0x00000000080057e4       0x4c Middlewares/Third_Party/FreeRTOS/Source/CMSIS_RTOS/cmsis_os.o
                0x00000000080057e4                osSemaphoreWait
 .text.osSemaphoreRelease
                0x0000000008005830        0x4 Middlewares/Third_Party/FreeRTOS/Source/CMSIS_RTOS/cmsis_os.o
                0x0000000008005830                osSemaphoreRelease
 .text.osSemaphoreDelete
                0x0000000008005834        0x4 Middlewares/Third_Party/FreeRTOS/Source/CMSIS_RTOS/cmsis_os.o
                0x0000000008005834                osSemaphoreDelete
 .text.osMessageCreate
                0x0000000008005838       0x24 Middlewares/Third_Party/FreeRTOS/Source/CMSIS_RTOS/cmsis_os.o
                0x0000000008005838                osMessageCreate
 .text.osMessagePut
                0x000000000800585c       0x50 Middlewares/Third_Party/FreeRTOS/Source/CMSIS_RTOS/cmsis_os.o
                0x000000000800585c                osMessagePut
 .text.osMessageGet
                0x00000000080058ac       0x70 Middlewares/Third_Party/FreeRTOS/Source/CMSIS_RTOS/cmsis_os.o
                0x00000000080058ac                osMessageGet
 .text.osMessageWaiting
                0x000000000800591c        0xe Middlewares/Third_Party/FreeRTOS/Source/CMSIS_RTOS/cmsis_os.o
                0x000000000800591c                osMessageWaiting
 .text.osMessageDelete
                0x000000000800592a        0x4 Middlewares/Third_Party/FreeRTOS/Source/CMSIS_RTOS/cmsis_os.o
                0x000000000800592a                osMessageDelete
 .text.vListInitialise
                0x000000000800592e       0x16 Middlewares/Third_Party/FreeRTOS/Source/list.o
                0x000000000800592e                vListInitialise
 .text.vListInitialiseItem
                0x0000000008005944        0x6 Middlewares/Third_Party/FreeRTOS/Source/list.o
                0x0000000008005944                vListInitialiseItem
 .text.vListInsertEnd
                0x000000000800594a       0x18 Middlewares/Third_Party/FreeRTOS/Source/list.o
                0x000000000800594a                vListInsertEnd
 .text.vListInsert
                0x0000000008005962       0x2e Middlewares/Third_Party/FreeRTOS/Source/list.o
                0x0000000008005962                vListInsert
 .text.uxListRemove
                0x0000000008005990       0x20 Middlewares/Third_Party/FreeRTOS/Source/list.o
                0x0000000008005990                uxListRemove
 .text.prvIsQueueEmpty
                0x00000000080059b0       0x16 Middlewares/Third_Party/FreeRTOS/Source/queue.o
 .text.prvCopyDataToQueue
                0x00000000080059c6       0x6a Middlewares/Third_Party/FreeRTOS/Source/queue.o
 .text.prvCopyDataFromQueue
                0x0000000008005a30       0x2a Middlewares/Third_Party/FreeRTOS/Source/queue.o
 .text.prvUnlockQueue
                0x0000000008005a5a       0x70 Middlewares/Third_Party/FreeRTOS/Source/queue.o
 *fill*         0x0000000008005aca        0x2 
 .text.xQueueGenericReset
                0x0000000008005acc       0x84 Middlewares/Third_Party/FreeRTOS/Source/queue.o
                0x0000000008005acc                xQueueGenericReset
 .text.xQueueGenericCreate.part.0
                0x0000000008005b50       0x34 Middlewares/Third_Party/FreeRTOS/Source/queue.o
 .text.xQueueGenericCreateStatic
                0x0000000008005b84       0xa8 Middlewares/Third_Party/FreeRTOS/Source/queue.o
                0x0000000008005b84                xQueueGenericCreateStatic
 .text.xQueueGenericCreate
                0x0000000008005c2c       0x1c Middlewares/Third_Party/FreeRTOS/Source/queue.o
                0x0000000008005c2c                xQueueGenericCreate
 .text.xQueueGenericSend
                0x0000000008005c48      0x174 Middlewares/Third_Party/FreeRTOS/Source/queue.o
                0x0000000008005c48                xQueueGenericSend
 .text.xQueueCreateMutexStatic
                0x0000000008005dbc       0x2a Middlewares/Third_Party/FreeRTOS/Source/queue.o
                0x0000000008005dbc                xQueueCreateMutexStatic
 .text.xQueueCreateMutex
                0x0000000008005de6       0x22 Middlewares/Third_Party/FreeRTOS/Source/queue.o
                0x0000000008005de6                xQueueCreateMutex
 .text.xQueueGenericSendFromISR
                0x0000000008005e08       0xd2 Middlewares/Third_Party/FreeRTOS/Source/queue.o
                0x0000000008005e08                xQueueGenericSendFromISR
 .text.xQueueGiveFromISR
                0x0000000008005eda       0xb8 Middlewares/Third_Party/FreeRTOS/Source/queue.o
                0x0000000008005eda                xQueueGiveFromISR
 *fill*         0x0000000008005f92        0x2 
 .text.xQueueReceive
                0x0000000008005f94      0x14c Middlewares/Third_Party/FreeRTOS/Source/queue.o
                0x0000000008005f94                xQueueReceive
 .text.xQueueSemaphoreTake
                0x00000000080060e0      0x198 Middlewares/Third_Party/FreeRTOS/Source/queue.o
                0x00000000080060e0                xQueueSemaphoreTake
 .text.xQueueReceiveFromISR
                0x0000000008006278       0xaa Middlewares/Third_Party/FreeRTOS/Source/queue.o
                0x0000000008006278                xQueueReceiveFromISR
 .text.uxQueueMessagesWaiting
                0x0000000008006322       0x2e Middlewares/Third_Party/FreeRTOS/Source/queue.o
                0x0000000008006322                uxQueueMessagesWaiting
 .text.uxQueueMessagesWaitingFromISR
                0x0000000008006350       0x1c Middlewares/Third_Party/FreeRTOS/Source/queue.o
                0x0000000008006350                uxQueueMessagesWaitingFromISR
 .text.vQueueUnregisterQueue
                0x000000000800636c       0x30 Middlewares/Third_Party/FreeRTOS/Source/queue.o
                0x000000000800636c                vQueueUnregisterQueue
 .text.vQueueDelete
                0x000000000800639c       0x2e Middlewares/Third_Party/FreeRTOS/Source/queue.o
                0x000000000800639c                vQueueDelete
 *fill*         0x00000000080063ca        0x2 
 .text.prvAddNewTaskToReadyList
                0x00000000080063cc      0x12c Middlewares/Third_Party/FreeRTOS/Source/tasks.o
 .text.prvResetNextTaskUnblockTime
                0x00000000080064f8       0x24 Middlewares/Third_Party/FreeRTOS/Source/tasks.o
 .text.prvInitialiseNewTask.isra.0
                0x000000000800651c       0x8a Middlewares/Third_Party/FreeRTOS/Source/tasks.o
 .text.prvDeleteTCB
                0x00000000080065a6       0x3a Middlewares/Third_Party/FreeRTOS/Source/tasks.o
 .text.prvIdleTask
                0x00000000080065e0       0x64 Middlewares/Third_Party/FreeRTOS/Source/tasks.o
 .text.prvAddCurrentTaskToDelayedList
                0x0000000008006644       0x8c Middlewares/Third_Party/FreeRTOS/Source/tasks.o
 .text.xTaskCreateStatic
                0x00000000080066d0       0x7c Middlewares/Third_Party/FreeRTOS/Source/tasks.o
                0x00000000080066d0                xTaskCreateStatic
 .text.xTaskCreate
                0x000000000800674c       0x5a Middlewares/Third_Party/FreeRTOS/Source/tasks.o
                0x000000000800674c                xTaskCreate
 *fill*         0x00000000080067a6        0x2 
 .text.vTaskStartScheduler
                0x00000000080067a8       0x70 Middlewares/Third_Party/FreeRTOS/Source/tasks.o
                0x00000000080067a8                vTaskStartScheduler
 .text.vTaskSuspendAll
                0x0000000008006818       0x10 Middlewares/Third_Party/FreeRTOS/Source/tasks.o
                0x0000000008006818                vTaskSuspendAll
 .text.xTaskGetTickCount
                0x0000000008006828        0xc Middlewares/Third_Party/FreeRTOS/Source/tasks.o
                0x0000000008006828                xTaskGetTickCount
 .text.xTaskGetTickCountFromISR
                0x0000000008006834       0x10 Middlewares/Third_Party/FreeRTOS/Source/tasks.o
                0x0000000008006834                xTaskGetTickCountFromISR
 .text.xTaskIncrementTick
                0x0000000008006844      0x130 Middlewares/Third_Party/FreeRTOS/Source/tasks.o
                0x0000000008006844                xTaskIncrementTick
 .text.xTaskResumeAll
                0x0000000008006974       0xf4 Middlewares/Third_Party/FreeRTOS/Source/tasks.o
                0x0000000008006974                xTaskResumeAll
 .text.vTaskSwitchContext
                0x0000000008006a68       0x78 Middlewares/Third_Party/FreeRTOS/Source/tasks.o
                0x0000000008006a68                vTaskSwitchContext
 .text.vTaskPlaceOnEventList
                0x0000000008006ae0       0x38 Middlewares/Third_Party/FreeRTOS/Source/tasks.o
                0x0000000008006ae0                vTaskPlaceOnEventList
 .text.xTaskRemoveFromEventList
                0x0000000008006b18       0x90 Middlewares/Third_Party/FreeRTOS/Source/tasks.o
                0x0000000008006b18                xTaskRemoveFromEventList
 .text.vTaskInternalSetTimeOutState
                0x0000000008006ba8       0x18 Middlewares/Third_Party/FreeRTOS/Source/tasks.o
                0x0000000008006ba8                vTaskInternalSetTimeOutState
 .text.xTaskCheckForTimeOut
                0x0000000008006bc0       0x80 Middlewares/Third_Party/FreeRTOS/Source/tasks.o
                0x0000000008006bc0                xTaskCheckForTimeOut
 .text.vTaskMissedYield
                0x0000000008006c40        0xc Middlewares/Third_Party/FreeRTOS/Source/tasks.o
                0x0000000008006c40                vTaskMissedYield
 .text.xTaskGetSchedulerState
                0x0000000008006c4c       0x20 Middlewares/Third_Party/FreeRTOS/Source/tasks.o
                0x0000000008006c4c                xTaskGetSchedulerState
 .text.xTaskPriorityInherit
                0x0000000008006c6c       0xa8 Middlewares/Third_Party/FreeRTOS/Source/tasks.o
                0x0000000008006c6c                xTaskPriorityInherit
 .text.xTaskPriorityDisinherit
                0x0000000008006d14       0xac Middlewares/Third_Party/FreeRTOS/Source/tasks.o
                0x0000000008006d14                xTaskPriorityDisinherit
 .text.vTaskPriorityDisinheritAfterTimeout
                0x0000000008006dc0       0xbc Middlewares/Third_Party/FreeRTOS/Source/tasks.o
                0x0000000008006dc0                vTaskPriorityDisinheritAfterTimeout
 .text.pvTaskIncrementMutexHeldCount
                0x0000000008006e7c       0x18 Middlewares/Third_Party/FreeRTOS/Source/tasks.o
                0x0000000008006e7c                pvTaskIncrementMutexHeldCount
 .text.prvPortStartFirstTask
                0x0000000008006e94       0x28 Middlewares/Third_Party/FreeRTOS/Source/portable/GCC/ARM_CM7/r0p1/port.o
 .text.vPortEnableVFP
                0x0000000008006ebc       0x14 Middlewares/Third_Party/FreeRTOS/Source/portable/GCC/ARM_CM7/r0p1/port.o
 .text.prvTaskExitError
                0x0000000008006ed0       0x48 Middlewares/Third_Party/FreeRTOS/Source/portable/GCC/ARM_CM7/r0p1/port.o
 .text.pxPortInitialiseStack
                0x0000000008006f18       0x24 Middlewares/Third_Party/FreeRTOS/Source/portable/GCC/ARM_CM7/r0p1/port.o
                0x0000000008006f18                pxPortInitialiseStack
 *fill*         0x0000000008006f3c        0x4 
 .text.SVC_Handler
                0x0000000008006f40       0x24 Middlewares/Third_Party/FreeRTOS/Source/portable/GCC/ARM_CM7/r0p1/port.o
                0x0000000008006f40                SVC_Handler
 .text.vPortEnterCritical
                0x0000000008006f64       0x4c Middlewares/Third_Party/FreeRTOS/Source/portable/GCC/ARM_CM7/r0p1/port.o
                0x0000000008006f64                vPortEnterCritical
 .text.vPortExitCritical
                0x0000000008006fb0       0x2c Middlewares/Third_Party/FreeRTOS/Source/portable/GCC/ARM_CM7/r0p1/port.o
                0x0000000008006fb0                vPortExitCritical
 *fill*         0x0000000008006fdc        0x4 
 .text.PendSV_Handler
                0x0000000008006fe0       0x64 Middlewares/Third_Party/FreeRTOS/Source/portable/GCC/ARM_CM7/r0p1/port.o
                0x0000000008006fe0                PendSV_Handler
 .text.SysTick_Handler
                0x0000000008007044       0x30 Middlewares/Third_Party/FreeRTOS/Source/portable/GCC/ARM_CM7/r0p1/port.o
                0x0000000008007044                SysTick_Handler
 .text.vPortSetupTimerInterrupt
                0x0000000008007074       0x34 Middlewares/Third_Party/FreeRTOS/Source/portable/GCC/ARM_CM7/r0p1/port.o
                0x0000000008007074                vPortSetupTimerInterrupt
 .text.xPortStartScheduler
                0x00000000080070a8       0xc8 Middlewares/Third_Party/FreeRTOS/Source/portable/GCC/ARM_CM7/r0p1/port.o
                0x00000000080070a8                xPortStartScheduler
 .text.vPortValidateInterruptPriority
                0x0000000008007170       0x64 Middlewares/Third_Party/FreeRTOS/Source/portable/GCC/ARM_CM7/r0p1/port.o
                0x0000000008007170                vPortValidateInterruptPriority
 .text.prvInsertBlockIntoFreeList
                0x00000000080071d4       0x48 Middlewares/Third_Party/FreeRTOS/Source/portable/MemMang/heap_4.o
 .text.pvPortMalloc
                0x000000000800721c      0x11c Middlewares/Third_Party/FreeRTOS/Source/portable/MemMang/heap_4.o
                0x000000000800721c                pvPortMalloc
 .text.vPortFree
                0x0000000008007338       0x78 Middlewares/Third_Party/FreeRTOS/Source/portable/MemMang/heap_4.o
                0x0000000008007338                vPortFree
 .text.netconn_apimsg
                0x00000000080073b0       0x14 Middlewares/Third_Party/LwIP/src/api/api_lib.o
 .text.netconn_close_shutdown
                0x00000000080073c4       0x44 Middlewares/Third_Party/LwIP/src/api/api_lib.o
 .text.netconn_new_with_proto_and_callback
                0x0000000008007408       0xb4 Middlewares/Third_Party/LwIP/src/api/api_lib.o
                0x0000000008007408                netconn_new_with_proto_and_callback
 .text.netconn_prepare_delete
                0x00000000080074bc       0x20 Middlewares/Third_Party/LwIP/src/api/api_lib.o
                0x00000000080074bc                netconn_prepare_delete
 .text.netconn_delete
                0x00000000080074dc       0x1c Middlewares/Third_Party/LwIP/src/api/api_lib.o
                0x00000000080074dc                netconn_delete
 .text.netconn_bind
                0x00000000080074f8       0x4c Middlewares/Third_Party/LwIP/src/api/api_lib.o
                0x00000000080074f8                netconn_bind
 .text.netconn_send
                0x0000000008007544       0x3c Middlewares/Third_Party/LwIP/src/api/api_lib.o
                0x0000000008007544                netconn_send
 .text.netconn_err
                0x0000000008007580       0x1e Middlewares/Third_Party/LwIP/src/api/api_lib.o
                0x0000000008007580                netconn_err
 *fill*         0x000000000800759e        0x2 
 .text.netconn_recv_data
                0x00000000080075a0       0xec Middlewares/Third_Party/LwIP/src/api/api_lib.o
 .text.netconn_recv_data_tcp
                0x000000000800768c       0xc4 Middlewares/Third_Party/LwIP/src/api/api_lib.o
 .text.netconn_recv
                0x0000000008007750       0xa4 Middlewares/Third_Party/LwIP/src/api/api_lib.o
                0x0000000008007750                netconn_recv
 .text.recv_udp
                0x00000000080077f4       0xbc Middlewares/Third_Party/LwIP/src/api/api_msg.o
 .text.setup_tcp
                0x00000000080078b0       0x44 Middlewares/Third_Party/LwIP/src/api/api_msg.o
 .text.lwip_netconn_do_writemore
                0x00000000080078f4      0x250 Middlewares/Third_Party/LwIP/src/api/api_msg.o
 .text.lwip_netconn_do_close_internal
                0x0000000008007b44      0x1e8 Middlewares/Third_Party/LwIP/src/api/api_msg.o
 .text.poll_tcp
                0x0000000008007d2c       0x78 Middlewares/Third_Party/LwIP/src/api/api_msg.o
 .text.recv_tcp
                0x0000000008007da4       0xd0 Middlewares/Third_Party/LwIP/src/api/api_msg.o
 .text.err_tcp  0x0000000008007e74      0x13c Middlewares/Third_Party/LwIP/src/api/api_msg.o
 .text.sent_tcp
                0x0000000008007fb0       0x6c Middlewares/Third_Party/LwIP/src/api/api_msg.o
 .text.lwip_netconn_is_err_msg
                0x000000000800801c       0x54 Middlewares/Third_Party/LwIP/src/api/api_msg.o
                0x000000000800801c                lwip_netconn_is_err_msg
 .text.lwip_netconn_do_newconn
                0x0000000008008070       0x60 Middlewares/Third_Party/LwIP/src/api/api_msg.o
                0x0000000008008070                lwip_netconn_do_newconn
 .text.netconn_alloc
                0x00000000080080d0       0x8c Middlewares/Third_Party/LwIP/src/api/api_msg.o
                0x00000000080080d0                netconn_alloc
 .text.netconn_free
                0x000000000800815c       0x78 Middlewares/Third_Party/LwIP/src/api/api_msg.o
                0x000000000800815c                netconn_free
 .text.netconn_drain
                0x00000000080081d4       0x9e Middlewares/Third_Party/LwIP/src/api/api_msg.o
 *fill*         0x0000000008008272        0x2 
 .text.lwip_netconn_do_delconn
                0x0000000008008274      0x10c Middlewares/Third_Party/LwIP/src/api/api_msg.o
                0x0000000008008274                lwip_netconn_do_delconn
 .text.lwip_netconn_do_bind
                0x0000000008008380       0x34 Middlewares/Third_Party/LwIP/src/api/api_msg.o
                0x0000000008008380                lwip_netconn_do_bind
 .text.lwip_netconn_do_send
                0x00000000080083b4       0x3c Middlewares/Third_Party/LwIP/src/api/api_msg.o
                0x00000000080083b4                lwip_netconn_do_send
 .text.lwip_netconn_do_recv
                0x00000000080083f0       0x36 Middlewares/Third_Party/LwIP/src/api/api_msg.o
                0x00000000080083f0                lwip_netconn_do_recv
 *fill*         0x0000000008008426        0x2 
 .text.lwip_netconn_do_close
                0x0000000008008428       0xbc Middlewares/Third_Party/LwIP/src/api/api_msg.o
                0x0000000008008428                lwip_netconn_do_close
 .text.netbuf_delete
                0x00000000080084e4       0x22 Middlewares/Third_Party/LwIP/src/api/netbuf.o
                0x00000000080084e4                netbuf_delete
 *fill*         0x0000000008008506        0x2 
 .text.netbuf_data
                0x0000000008008508       0x58 Middlewares/Third_Party/LwIP/src/api/netbuf.o
                0x0000000008008508                netbuf_data
 .text.netbuf_next
                0x0000000008008560       0x38 Middlewares/Third_Party/LwIP/src/api/netbuf.o
                0x0000000008008560                netbuf_next
 .text.tcpip_thread
                0x0000000008008598       0xd0 Middlewares/Third_Party/LwIP/src/api/tcpip.o
 .text.tcpip_inpkt
                0x0000000008008668       0x58 Middlewares/Third_Party/LwIP/src/api/tcpip.o
                0x0000000008008668                tcpip_inpkt
 .text.tcpip_input
                0x00000000080086c0       0x1c Middlewares/Third_Party/LwIP/src/api/tcpip.o
                0x00000000080086c0                tcpip_input
 .text.tcpip_try_callback
                0x00000000080086dc       0x58 Middlewares/Third_Party/LwIP/src/api/tcpip.o
                0x00000000080086dc                tcpip_try_callback
 .text.tcpip_send_msg_wait_sem
                0x0000000008008734       0x20 Middlewares/Third_Party/LwIP/src/api/tcpip.o
                0x0000000008008734                tcpip_send_msg_wait_sem
 .text.tcpip_init
                0x0000000008008754       0x7c Middlewares/Third_Party/LwIP/src/api/tcpip.o
                0x0000000008008754                tcpip_init
 .text.fs_open  0x00000000080087d0       0x50 Middlewares/Third_Party/LwIP/src/apps/http/fs.o
                0x00000000080087d0                fs_open
 .text.fs_close
                0x0000000008008820        0xa Middlewares/Third_Party/LwIP/src/apps/http/fs.o
                0x0000000008008820                fs_close
 .text.fs_bytes_left
                0x000000000800882a        0x8 Middlewares/Third_Party/LwIP/src/apps/http/fs.o
                0x000000000800882a                fs_bytes_left
 .text.http_state_eof
                0x0000000008008832       0x1e Middlewares/Third_Party/LwIP/src/apps/http/httpd.o
 .text.http_get_404_file
                0x0000000008008850       0x3c Middlewares/Third_Party/LwIP/src/apps/http/httpd.o
 .text.http_accept
                0x000000000800888c       0x70 Middlewares/Third_Party/LwIP/src/apps/http/httpd.o
 .text.http_find_file
                0x00000000080088fc      0x1a0 Middlewares/Third_Party/LwIP/src/apps/http/httpd.o
 .text.http_post_rxpbuf
                0x0000000008008a9c       0x4c Middlewares/Third_Party/LwIP/src/apps/http/httpd.o
 .text.http_err
                0x0000000008008ae8       0x16 Middlewares/Third_Party/LwIP/src/apps/http/httpd.o
 *fill*         0x0000000008008afe        0x2 
 .text.http_close_conn
                0x0000000008008b00       0x74 Middlewares/Third_Party/LwIP/src/apps/http/httpd.o
 .text.http_send
                0x0000000008008b74       0xb8 Middlewares/Third_Party/LwIP/src/apps/http/httpd.o
 .text.http_sent
                0x0000000008008c2c       0x18 Middlewares/Third_Party/LwIP/src/apps/http/httpd.o
 .text.http_poll
                0x0000000008008c44       0x3a Middlewares/Third_Party/LwIP/src/apps/http/httpd.o
 *fill*         0x0000000008008c7e        0x2 
 .text.http_recv
                0x0000000008008c80      0x36c Middlewares/Third_Party/LwIP/src/apps/http/httpd.o
 .text.httpd_init
                0x0000000008008fec       0x80 Middlewares/Third_Party/LwIP/src/apps/http/httpd.o
                0x0000000008008fec                httpd_init
 .text.lwip_htons
                0x000000000800906c        0x6 Middlewares/Third_Party/LwIP/src/core/def.o
                0x000000000800906c                lwip_htons
 .text.lwip_htonl
                0x0000000008009072        0x4 Middlewares/Third_Party/LwIP/src/core/def.o
                0x0000000008009072                lwip_htonl
 .text.lwip_strnstr
                0x0000000008009076       0x40 Middlewares/Third_Party/LwIP/src/core/def.o
                0x0000000008009076                lwip_strnstr
 .text.lwip_init
                0x00000000080090b6       0x22 Middlewares/Third_Party/LwIP/src/core/init.o
                0x00000000080090b6                lwip_init
 .text.mem_init
                0x00000000080090d8       0x70 Middlewares/Third_Party/LwIP/src/core/mem.o
                0x00000000080090d8                mem_init
 .text.mem_free
                0x0000000008009148      0x1b4 Middlewares/Third_Party/LwIP/src/core/mem.o
                0x0000000008009148                mem_free
 .text.mem_trim
                0x00000000080092fc      0x168 Middlewares/Third_Party/LwIP/src/core/mem.o
                0x00000000080092fc                mem_trim
 .text.mem_malloc
                0x0000000008009464      0x15c Middlewares/Third_Party/LwIP/src/core/mem.o
                0x0000000008009464                mem_malloc
 .text.do_memp_malloc_pool.isra.0
                0x00000000080095c0       0x3c Middlewares/Third_Party/LwIP/src/core/memp.o
 .text.do_memp_free_pool.isra.0
                0x00000000080095fc       0x38 Middlewares/Third_Party/LwIP/src/core/memp.o
 .text.memp_init_pool
                0x0000000008009634       0x26 Middlewares/Third_Party/LwIP/src/core/memp.o
                0x0000000008009634                memp_init_pool
 *fill*         0x000000000800965a        0x2 
 .text.memp_init
                0x000000000800965c       0x1c Middlewares/Third_Party/LwIP/src/core/memp.o
                0x000000000800965c                memp_init
 .text.memp_malloc
                0x0000000008009678       0x38 Middlewares/Third_Party/LwIP/src/core/memp.o
                0x0000000008009678                memp_malloc
 .text.memp_free
                0x00000000080096b0       0x34 Middlewares/Third_Party/LwIP/src/core/memp.o
                0x00000000080096b0                memp_free
 .text.netif_null_output_ip4
                0x00000000080096e4        0x6 Middlewares/Third_Party/LwIP/src/core/netif.o
 *fill*         0x00000000080096ea        0x2 
 .text.netif_issue_reports
                0x00000000080096ec       0x48 Middlewares/Third_Party/LwIP/src/core/netif.o
 .text.netif_do_set_ipaddr
                0x0000000008009734       0x58 Middlewares/Third_Party/LwIP/src/core/netif.o
 .text.netif_init
                0x000000000800978c        0x2 Middlewares/Third_Party/LwIP/src/core/netif.o
                0x000000000800978c                netif_init
 *fill*         0x000000000800978e        0x2 
 .text.netif_set_ipaddr
                0x0000000008009790       0x38 Middlewares/Third_Party/LwIP/src/core/netif.o
                0x0000000008009790                netif_set_ipaddr
 .text.netif_set_netmask
                0x00000000080097c8       0x34 Middlewares/Third_Party/LwIP/src/core/netif.o
                0x00000000080097c8                netif_set_netmask
 .text.netif_set_addr
                0x00000000080097fc       0x58 Middlewares/Third_Party/LwIP/src/core/netif.o
                0x00000000080097fc                netif_set_addr
 .text.netif_add
                0x0000000008009854      0x12c Middlewares/Third_Party/LwIP/src/core/netif.o
                0x0000000008009854                netif_add
 .text.netif_set_default
                0x0000000008009980        0xc Middlewares/Third_Party/LwIP/src/core/netif.o
                0x0000000008009980                netif_set_default
 .text.netif_set_up
                0x000000000800998c       0x34 Middlewares/Third_Party/LwIP/src/core/netif.o
                0x000000000800998c                netif_set_up
 .text.netif_set_down
                0x00000000080099c0       0x38 Middlewares/Third_Party/LwIP/src/core/netif.o
                0x00000000080099c0                netif_set_down
 .text.netif_get_by_index
                0x00000000080099f8       0x24 Middlewares/Third_Party/LwIP/src/core/netif.o
                0x00000000080099f8                netif_get_by_index
 .text.pbuf_free_ooseq_callback
                0x0000000008009a1c       0x30 Middlewares/Third_Party/LwIP/src/core/pbuf.o
 .text.pbuf_add_header_impl
                0x0000000008009a4c       0x64 Middlewares/Third_Party/LwIP/src/core/pbuf.o
 .text.pbuf_alloc_reference
                0x0000000008009ab0       0x48 Middlewares/Third_Party/LwIP/src/core/pbuf.o
                0x0000000008009ab0                pbuf_alloc_reference
 .text.pbuf_alloced_custom
                0x0000000008009af8       0x34 Middlewares/Third_Party/LwIP/src/core/pbuf.o
                0x0000000008009af8                pbuf_alloced_custom
 .text.pbuf_add_header
                0x0000000008009b2c        0x6 Middlewares/Third_Party/LwIP/src/core/pbuf.o
                0x0000000008009b2c                pbuf_add_header
 *fill*         0x0000000008009b32        0x2 
 .text.pbuf_remove_header
                0x0000000008009b34       0x58 Middlewares/Third_Party/LwIP/src/core/pbuf.o
                0x0000000008009b34                pbuf_remove_header
 .text.pbuf_header_force
                0x0000000008009b8c       0x10 Middlewares/Third_Party/LwIP/src/core/pbuf.o
                0x0000000008009b8c                pbuf_header_force
 .text.pbuf_free
                0x0000000008009b9c       0xd0 Middlewares/Third_Party/LwIP/src/core/pbuf.o
                0x0000000008009b9c                pbuf_free
 .text.pbuf_alloc
                0x0000000008009c6c      0x124 Middlewares/Third_Party/LwIP/src/core/pbuf.o
                0x0000000008009c6c                pbuf_alloc
 .text.pbuf_realloc
                0x0000000008009d90       0xb0 Middlewares/Third_Party/LwIP/src/core/pbuf.o
                0x0000000008009d90                pbuf_realloc
 .text.pbuf_clen
                0x0000000008009e40       0x10 Middlewares/Third_Party/LwIP/src/core/pbuf.o
                0x0000000008009e40                pbuf_clen
 .text.pbuf_ref
                0x0000000008009e50       0x38 Middlewares/Third_Party/LwIP/src/core/pbuf.o
                0x0000000008009e50                pbuf_ref
 .text.pbuf_cat
                0x0000000008009e88       0x74 Middlewares/Third_Party/LwIP/src/core/pbuf.o
                0x0000000008009e88                pbuf_cat
 .text.pbuf_chain
                0x0000000008009efc       0x12 Middlewares/Third_Party/LwIP/src/core/pbuf.o
                0x0000000008009efc                pbuf_chain
 *fill*         0x0000000008009f0e        0x2 
 .text.pbuf_copy
                0x0000000008009f10      0x104 Middlewares/Third_Party/LwIP/src/core/pbuf.o
                0x0000000008009f10                pbuf_copy
 .text.pbuf_copy_partial
                0x000000000800a014       0x8c Middlewares/Third_Party/LwIP/src/core/pbuf.o
                0x000000000800a014                pbuf_copy_partial
 .text.pbuf_clone
                0x000000000800a0a0       0x38 Middlewares/Third_Party/LwIP/src/core/pbuf.o
                0x000000000800a0a0                pbuf_clone
 .text.tcp_new_port
                0x000000000800a0d8       0x54 Middlewares/Third_Party/LwIP/src/core/tcp.o
 .text.tcp_close_shutdown_fin
                0x000000000800a12c       0x60 Middlewares/Third_Party/LwIP/src/core/tcp.o
 .text.tcp_init
                0x000000000800a18c       0x18 Middlewares/Third_Party/LwIP/src/core/tcp.o
                0x000000000800a18c                tcp_init
 .text.tcp_free
                0x000000000800a1a4       0x30 Middlewares/Third_Party/LwIP/src/core/tcp.o
                0x000000000800a1a4                tcp_free
 .text.tcp_bind
                0x000000000800a1d4       0xac Middlewares/Third_Party/LwIP/src/core/tcp.o
                0x000000000800a1d4                tcp_bind
 .text.tcp_listen_with_backlog_and_err
                0x000000000800a280       0xcc Middlewares/Third_Party/LwIP/src/core/tcp.o
                0x000000000800a280                tcp_listen_with_backlog_and_err
 .text.tcp_listen_with_backlog
                0x000000000800a34c        0x6 Middlewares/Third_Party/LwIP/src/core/tcp.o
                0x000000000800a34c                tcp_listen_with_backlog
 *fill*         0x000000000800a352        0x2 
 .text.tcp_update_rcv_ann_wnd
                0x000000000800a354       0x6c Middlewares/Third_Party/LwIP/src/core/tcp.o
                0x000000000800a354                tcp_update_rcv_ann_wnd
 .text.tcp_recved
                0x000000000800a3c0       0x7c Middlewares/Third_Party/LwIP/src/core/tcp.o
                0x000000000800a3c0                tcp_recved
 .text.tcp_seg_free
                0x000000000800a43c       0x1c Middlewares/Third_Party/LwIP/src/core/tcp.o
                0x000000000800a43c                tcp_seg_free
 .text.tcp_segs_free
                0x000000000800a458       0x10 Middlewares/Third_Party/LwIP/src/core/tcp.o
                0x000000000800a458                tcp_segs_free
 .text.tcp_setprio
                0x000000000800a468       0x20 Middlewares/Third_Party/LwIP/src/core/tcp.o
                0x000000000800a468                tcp_setprio
 .text.tcp_seg_copy
                0x000000000800a488       0x48 Middlewares/Third_Party/LwIP/src/core/tcp.o
                0x000000000800a488                tcp_seg_copy
 .text.tcp_arg  0x000000000800a4d0        0x6 Middlewares/Third_Party/LwIP/src/core/tcp.o
                0x000000000800a4d0                tcp_arg
 *fill*         0x000000000800a4d6        0x2 
 .text.tcp_recv
                0x000000000800a4d8       0x30 Middlewares/Third_Party/LwIP/src/core/tcp.o
                0x000000000800a4d8                tcp_recv
 .text.tcp_sent
                0x000000000800a508       0x30 Middlewares/Third_Party/LwIP/src/core/tcp.o
                0x000000000800a508                tcp_sent
 .text.tcp_err  0x000000000800a538       0x30 Middlewares/Third_Party/LwIP/src/core/tcp.o
                0x000000000800a538                tcp_err
 .text.tcp_accept
                0x000000000800a568        0xc Middlewares/Third_Party/LwIP/src/core/tcp.o
                0x000000000800a568                tcp_accept
 .text.tcp_poll
                0x000000000800a574       0x48 Middlewares/Third_Party/LwIP/src/core/tcp.o
                0x000000000800a574                tcp_poll
 .text.tcp_next_iss
                0x000000000800a5bc       0x34 Middlewares/Third_Party/LwIP/src/core/tcp.o
                0x000000000800a5bc                tcp_next_iss
 .text.tcp_eff_send_mss_netif
                0x000000000800a5f0       0x3c Middlewares/Third_Party/LwIP/src/core/tcp.o
                0x000000000800a5f0                tcp_eff_send_mss_netif
 .text.tcp_free_ooseq
                0x000000000800a62c       0x12 Middlewares/Third_Party/LwIP/src/core/tcp.o
                0x000000000800a62c                tcp_free_ooseq
 *fill*         0x000000000800a63e        0x2 
 .text.tcp_pcb_purge
                0x000000000800a640       0x64 Middlewares/Third_Party/LwIP/src/core/tcp.o
                0x000000000800a640                tcp_pcb_purge
 .text.tcp_pcb_remove
                0x000000000800a6a4       0xcc Middlewares/Third_Party/LwIP/src/core/tcp.o
                0x000000000800a6a4                tcp_pcb_remove
 .text.tcp_abandon
                0x000000000800a770      0x104 Middlewares/Third_Party/LwIP/src/core/tcp.o
                0x000000000800a770                tcp_abandon
 .text.tcp_abort
                0x000000000800a874        0x6 Middlewares/Third_Party/LwIP/src/core/tcp.o
                0x000000000800a874                tcp_abort
 *fill*         0x000000000800a87a        0x2 
 .text.tcp_accept_null
                0x000000000800a87c       0x2c Middlewares/Third_Party/LwIP/src/core/tcp.o
 .text.tcp_netif_ip_addr_changed_pcblist
                0x000000000800a8a8       0x3c Middlewares/Third_Party/LwIP/src/core/tcp.o
 .text.tcp_netif_ip_addr_changed
                0x000000000800a8e4       0x48 Middlewares/Third_Party/LwIP/src/core/tcp.o
                0x000000000800a8e4                tcp_netif_ip_addr_changed
 .text.tcp_kill_state
                0x000000000800a92c       0x3c Middlewares/Third_Party/LwIP/src/core/tcp.o
 .text.tcp_alloc
                0x000000000800a968      0x134 Middlewares/Third_Party/LwIP/src/core/tcp.o
                0x000000000800a968                tcp_alloc
 .text.tcp_new_ip_type
                0x000000000800aa9c        0x6 Middlewares/Third_Party/LwIP/src/core/tcp.o
                0x000000000800aa9c                tcp_new_ip_type
 *fill*         0x000000000800aaa2        0x2 
 .text.tcp_close_shutdown
                0x000000000800aaa4      0x164 Middlewares/Third_Party/LwIP/src/core/tcp.o
 .text.tcp_close
                0x000000000800ac08       0x3c Middlewares/Third_Party/LwIP/src/core/tcp.o
                0x000000000800ac08                tcp_close
 .text.tcp_recv_null
                0x000000000800ac44       0x48 Middlewares/Third_Party/LwIP/src/core/tcp.o
                0x000000000800ac44                tcp_recv_null
 .text.tcp_process_refused_data
                0x000000000800ac8c       0x88 Middlewares/Third_Party/LwIP/src/core/tcp.o
                0x000000000800ac8c                tcp_process_refused_data
 .text.tcp_fasttmr
                0x000000000800ad14       0x80 Middlewares/Third_Party/LwIP/src/core/tcp.o
                0x000000000800ad14                tcp_fasttmr
 .text.tcp_shutdown
                0x000000000800ad94       0x70 Middlewares/Third_Party/LwIP/src/core/tcp.o
                0x000000000800ad94                tcp_shutdown
 .text.tcp_slowtmr
                0x000000000800ae04      0x43c Middlewares/Third_Party/LwIP/src/core/tcp.o
                0x000000000800ae04                tcp_slowtmr
 .text.tcp_tmr  0x000000000800b240       0x24 Middlewares/Third_Party/LwIP/src/core/tcp.o
                0x000000000800b240                tcp_tmr
 .text.tcp_get_next_optbyte
                0x000000000800b264       0x38 Middlewares/Third_Party/LwIP/src/core/tcp_in.o
 .text.tcp_oos_insert_segment
                0x000000000800b29c       0x94 Middlewares/Third_Party/LwIP/src/core/tcp_in.o
 .text.tcp_parseopt
                0x000000000800b330       0x90 Middlewares/Third_Party/LwIP/src/core/tcp_in.o
 .text.tcp_input_delayed_close
                0x000000000800b3c0       0x58 Middlewares/Third_Party/LwIP/src/core/tcp_in.o
 .text.tcp_free_acked_segments.isra.0
                0x000000000800b418       0xbc Middlewares/Third_Party/LwIP/src/core/tcp_in.o
 .text.tcp_receive
                0x000000000800b4d4      0x858 Middlewares/Third_Party/LwIP/src/core/tcp_in.o
 .text.tcp_input
                0x000000000800bd2c      0xad0 Middlewares/Third_Party/LwIP/src/core/tcp_in.o
                0x000000000800bd2c                tcp_input
 .text.tcp_trigger_input_pcb_close
                0x000000000800c7fc       0x10 Middlewares/Third_Party/LwIP/src/core/tcp_in.o
                0x000000000800c7fc                tcp_trigger_input_pcb_close
 .text.tcp_output_segment_busy
                0x000000000800c80c       0x2c Middlewares/Third_Party/LwIP/src/core/tcp_out.o
 .text.tcp_pbuf_prealloc
                0x000000000800c838       0x98 Middlewares/Third_Party/LwIP/src/core/tcp_out.o
 .text.tcp_create_segment
                0x000000000800c8d0       0xe0 Middlewares/Third_Party/LwIP/src/core/tcp_out.o
 .text.tcp_output_alloc_header_common.constprop.0
                0x000000000800c9b0       0x84 Middlewares/Third_Party/LwIP/src/core/tcp_out.o
 .text.tcp_output_alloc_header.constprop.0
                0x000000000800ca34       0x4c Middlewares/Third_Party/LwIP/src/core/tcp_out.o
 .text.tcp_output_fill_options.isra.0.constprop.0
                0x000000000800ca80       0x20 Middlewares/Third_Party/LwIP/src/core/tcp_out.o
 .text.tcp_output_control_segment
                0x000000000800caa0       0x70 Middlewares/Third_Party/LwIP/src/core/tcp_out.o
 .text.tcp_write
                0x000000000800cb10      0x540 Middlewares/Third_Party/LwIP/src/core/tcp_out.o
                0x000000000800cb10                tcp_write
 .text.tcp_split_unsent_seg
                0x000000000800d050      0x198 Middlewares/Third_Party/LwIP/src/core/tcp_out.o
                0x000000000800d050                tcp_split_unsent_seg
 .text.tcp_enqueue_flags
                0x000000000800d1e8      0x128 Middlewares/Third_Party/LwIP/src/core/tcp_out.o
                0x000000000800d1e8                tcp_enqueue_flags
 .text.tcp_send_fin
                0x000000000800d310       0x60 Middlewares/Third_Party/LwIP/src/core/tcp_out.o
                0x000000000800d310                tcp_send_fin
 .text.tcp_rexmit_rto_prepare
                0x000000000800d370       0x88 Middlewares/Third_Party/LwIP/src/core/tcp_out.o
                0x000000000800d370                tcp_rexmit_rto_prepare
 .text.tcp_rexmit
                0x000000000800d3f8       0x80 Middlewares/Third_Party/LwIP/src/core/tcp_out.o
                0x000000000800d3f8                tcp_rexmit
 .text.tcp_rexmit_fast
                0x000000000800d478       0x68 Middlewares/Third_Party/LwIP/src/core/tcp_out.o
                0x000000000800d478                tcp_rexmit_fast
 .text.tcp_rst  0x000000000800d4e0       0x8c Middlewares/Third_Party/LwIP/src/core/tcp_out.o
                0x000000000800d4e0                tcp_rst
 .text.tcp_send_empty_ack
                0x000000000800d56c       0x64 Middlewares/Third_Party/LwIP/src/core/tcp_out.o
                0x000000000800d56c                tcp_send_empty_ack
 .text.tcp_output
                0x000000000800d5d0      0x354 Middlewares/Third_Party/LwIP/src/core/tcp_out.o
                0x000000000800d5d0                tcp_output
 .text.tcp_rexmit_rto_commit
                0x000000000800d924       0x38 Middlewares/Third_Party/LwIP/src/core/tcp_out.o
                0x000000000800d924                tcp_rexmit_rto_commit
 .text.tcp_rexmit_rto
                0x000000000800d95c       0x34 Middlewares/Third_Party/LwIP/src/core/tcp_out.o
                0x000000000800d95c                tcp_rexmit_rto
 .text.tcp_keepalive
                0x000000000800d990       0x50 Middlewares/Third_Party/LwIP/src/core/tcp_out.o
                0x000000000800d990                tcp_keepalive
 .text.tcp_zero_window_probe
                0x000000000800d9e0       0xc8 Middlewares/Third_Party/LwIP/src/core/tcp_out.o
                0x000000000800d9e0                tcp_zero_window_probe
 .text.sys_timeout_abs
                0x000000000800daa8       0x64 Middlewares/Third_Party/LwIP/src/core/timeouts.o
 .text.lwip_cyclic_timer
                0x000000000800db0c       0x34 Middlewares/Third_Party/LwIP/src/core/timeouts.o
 .text.sys_timeout
                0x000000000800db40       0x3c Middlewares/Third_Party/LwIP/src/core/timeouts.o
                0x000000000800db40                sys_timeout
 .text.tcp_timer_needed
                0x000000000800db7c       0x34 Middlewares/Third_Party/LwIP/src/core/timeouts.o
                0x000000000800db7c                tcp_timer_needed
 .text.tcpip_tcp_timer
                0x000000000800dbb0       0x38 Middlewares/Third_Party/LwIP/src/core/timeouts.o
 .text.sys_timeouts_init
                0x000000000800dbe8       0x2c Middlewares/Third_Party/LwIP/src/core/timeouts.o
                0x000000000800dbe8                sys_timeouts_init
 .text.sys_check_timeouts
                0x000000000800dc14       0x44 Middlewares/Third_Party/LwIP/src/core/timeouts.o
                0x000000000800dc14                sys_check_timeouts
 .text.sys_timeouts_sleeptime
                0x000000000800dc58       0x24 Middlewares/Third_Party/LwIP/src/core/timeouts.o
                0x000000000800dc58                sys_timeouts_sleeptime
 .text.udp_init
                0x000000000800dc7c       0x18 Middlewares/Third_Party/LwIP/src/core/udp.o
                0x000000000800dc7c                udp_init
 .text.udp_input
                0x000000000800dc94      0x1b0 Middlewares/Third_Party/LwIP/src/core/udp.o
                0x000000000800dc94                udp_input
 .text.udp_bind
                0x000000000800de44       0xd0 Middlewares/Third_Party/LwIP/src/core/udp.o
                0x000000000800de44                udp_bind
 .text.udp_sendto_if_src
                0x000000000800df14      0x130 Middlewares/Third_Party/LwIP/src/core/udp.o
                0x000000000800df14                udp_sendto_if_src
 .text.udp_sendto_if
                0x000000000800e044       0x80 Middlewares/Third_Party/LwIP/src/core/udp.o
                0x000000000800e044                udp_sendto_if
 .text.udp_sendto
                0x000000000800e0c4       0x78 Middlewares/Third_Party/LwIP/src/core/udp.o
                0x000000000800e0c4                udp_sendto
 .text.udp_send
                0x000000000800e13c       0x44 Middlewares/Third_Party/LwIP/src/core/udp.o
                0x000000000800e13c                udp_send
 .text.udp_recv
                0x000000000800e180       0x24 Middlewares/Third_Party/LwIP/src/core/udp.o
                0x000000000800e180                udp_recv
 .text.udp_remove
                0x000000000800e1a4       0x4c Middlewares/Third_Party/LwIP/src/core/udp.o
                0x000000000800e1a4                udp_remove
 .text.udp_new  0x000000000800e1f0       0x1c Middlewares/Third_Party/LwIP/src/core/udp.o
                0x000000000800e1f0                udp_new
 .text.udp_new_ip_type
                0x000000000800e20c        0x4 Middlewares/Third_Party/LwIP/src/core/udp.o
                0x000000000800e20c                udp_new_ip_type
 .text.udp_netif_ip_addr_changed
                0x000000000800e210       0x2c Middlewares/Third_Party/LwIP/src/core/udp.o
                0x000000000800e210                udp_netif_ip_addr_changed
 .text.etharp_free_entry
                0x000000000800e23c       0x28 Middlewares/Third_Party/LwIP/src/core/ipv4/etharp.o